mode: atomic
github.com/jefrryss/go-grpc-microservices/InventoryService/internal/api/inventory/v1/getPart.go:13.129,15.16 2 0
github.com/jefrryss/go-grpc-microservices/InventoryService/internal/api/inventory/v1/getPart.go:15.16,17.3 1 0
github.com/jefrryss/go-grpc-microservices/InventoryService/internal/api/inventory/v1/getPart.go:19.2,20.16 2 0
github.com/jefrryss/go-grpc-microservices/InventoryService/internal/api/inventory/v1/getPart.go:20.16,22.3 1 0
github.com/jefrryss/go-grpc-microservices/InventoryService/internal/api/inventory/v1/getPart.go:24.2,25.16 2 0
github.com/jefrryss/go-grpc-microservices/InventoryService/internal/api/inventory/v1/getPart.go:25.16,27.3 1 0
github.com/jefrryss/go-grpc-microservices/InventoryService/internal/api/inventory/v1/getPart.go:29.2,29.60 1 0
github.com/jefrryss/go-grpc-microservices/InventoryService/internal/api/inventory/v1/listParts.go:12.135,14.16 2 0
github.com/jefrryss/go-grpc-microservices/InventoryService/internal/api/inventory/v1/listParts.go:14.16,16.3 1 0
github.com/jefrryss/go-grpc-microservices/InventoryService/internal/api/inventory/v1/listParts.go:18.2,19.16 2 0
github.com/jefrryss/go-grpc-microservices/InventoryService/internal/api/inventory/v1/listParts.go:19.16,21.3 1 0
github.com/jefrryss/go-grpc-microservices/InventoryService/internal/api/inventory/v1/listParts.go:23.2,24.28 2 0
github.com/jefrryss/go-grpc-microservices/InventoryService/internal/api/inventory/v1/listParts.go:24.28,26.17 2 0
github.com/jefrryss/go-grpc-microservices/InventoryService/internal/api/inventory/v1/listParts.go:26.17,28.4 1 0
github.com/jefrryss/go-grpc-microservices/InventoryService/internal/api/inventory/v1/listParts.go:29.3,29.49 1 0
github.com/jefrryss/go-grpc-microservices/InventoryService/internal/api/inventory/v1/listParts.go:32.2,32.66 1 0
github.com/jefrryss/go-grpc-microservices/InventoryService/internal/api/inventory/v1/server.go:19.63,23.2 1 0
github.com/jefrryss/go-grpc-microservices/InventoryService/internal/api/inventory/v1/server.go:25.32,26.16 1 0
github.com/jefrryss/go-grpc-microservices/InventoryService/internal/api/inventory/v1/server.go:26.16,28.3 1 0
github.com/jefrryss/go-grpc-microservices/InventoryService/internal/api/inventory/v1/server.go:30.2,30.39 1 0
github.com/jefrryss/go-grpc-microservices/InventoryService/internal/api/inventory/v1/server.go:30.39,32.3 1 0
github.com/jefrryss/go-grpc-microservices/InventoryService/internal/api/inventory/v1/server.go:34.2,34.88 1 0
github.com/jefrryss/go-grpc-microservices/InventoryService/internal/api/inventory/v1/server.go:34.88,36.3 1 0
github.com/jefrryss/go-grpc-microservices/InventoryService/internal/api/inventory/v1/server.go:38.2,38.72 1 0
github.com/jefrryss/go-grpc-microservices/InventoryService/internal/repository/converter/part.go:11.81,12.17 1 0
github.com/jefrryss/go-grpc-microservices/InventoryService/internal/repository/converter/part.go:12.17,14.3 1 0
github.com/jefrryss/go-grpc-microservices/InventoryService/internal/repository/converter/part.go:16.2,17.26 2 0
github.com/jefrryss/go-grpc-microservices/InventoryService/internal/repository/converter/part.go:17.26,19.17 2 0
github.com/jefrryss/go-grpc-microservices/InventoryService/internal/repository/converter/part.go:19.17,21.4 1 0
github.com/jefrryss/go-grpc-microservices/InventoryService/internal/repository/converter/part.go:22.3,22.24 1 0
github.com/jefrryss/go-grpc-microservices/InventoryService/internal/repository/converter/part.go:25.2,45.22 2 0
github.com/jefrryss/go-grpc-microservices/InventoryService/internal/repository/converter/part.go:48.81,49.17 1 5
github.com/jefrryss/go-grpc-microservices/InventoryService/internal/repository/converter/part.go:49.17,51.3 1 0
github.com/jefrryss/go-grpc-microservices/InventoryService/internal/repository/converter/part.go:53.2,54.28 2 5
github.com/jefrryss/go-grpc-microservices/InventoryService/internal/repository/converter/part.go:54.28,55.66 1 2
github.com/jefrryss/go-grpc-microservices/InventoryService/internal/repository/converter/part.go:55.66,57.4 1 2
github.com/jefrryss/go-grpc-microservices/InventoryService/internal/repository/converter/part.go:60.2,83.23 2 3
github.com/jefrryss/go-grpc-microservices/InventoryService/internal/repository/part/getAll.go:11.73,17.29 4 3
github.com/jefrryss/go-grpc-microservices/InventoryService/internal/repository/part/getAll.go:17.29,19.17 2 3
github.com/jefrryss/go-grpc-microservices/InventoryService/internal/repository/part/getAll.go:19.17,21.4 1 1
github.com/jefrryss/go-grpc-microservices/InventoryService/internal/repository/part/getAll.go:22.3,22.29 1 2
github.com/jefrryss/go-grpc-microservices/InventoryService/internal/repository/part/getAll.go:24.2,24.17 1 2
github.com/jefrryss/go-grpc-microservices/InventoryService/internal/repository/part/getById.go:11.86,15.31 3 3
github.com/jefrryss/go-grpc-microservices/InventoryService/internal/repository/part/getById.go:15.31,17.17 2 2
github.com/jefrryss/go-grpc-microservices/InventoryService/internal/repository/part/getById.go:17.17,19.4 1 1
github.com/jefrryss/go-grpc-microservices/InventoryService/internal/repository/part/getById.go:20.3,20.20 1 1
github.com/jefrryss/go-grpc-microservices/InventoryService/internal/repository/part/getById.go:22.2,22.31 1 1
github.com/jefrryss/go-grpc-microservices/InventoryService/internal/repository/part/repository.go:18.34,23.2 2 6
github.com/jefrryss/go-grpc-microservices/InventoryService/internal/service/filter/allowedFeatures.go:8.118,10.20 1 0
github.com/jefrryss/go-grpc-microservices/InventoryService/internal/service/filter/allowedFeatures.go:10.20,12.3 1 0
github.com/jefrryss/go-grpc-microservices/InventoryService/internal/service/filter/allowedFeatures.go:14.2,18.28 4 0
github.com/jefrryss/go-grpc-microservices/InventoryService/internal/service/filter/allowedFeatures.go:18.28,19.37 1 0
github.com/jefrryss/go-grpc-microservices/InventoryService/internal/service/filter/allowedFeatures.go:19.37,21.4 1 0
github.com/jefrryss/go-grpc-microservices/InventoryService/internal/service/filter/allowedFeatures.go:23.2,23.28 1 0
github.com/jefrryss/go-grpc-microservices/InventoryService/internal/service/filter/allowedFeatures.go:23.28,24.37 1 0
github.com/jefrryss/go-grpc-microservices/InventoryService/internal/service/filter/allowedFeatures.go:24.37,26.4 1 0
github.com/jefrryss/go-grpc-microservices/InventoryService/internal/service/filter/allowedFeatures.go:28.2,28.27 1 0
github.com/jefrryss/go-grpc-microservices/InventoryService/internal/service/filter/allowedFeatures.go:28.27,29.36 1 0
github.com/jefrryss/go-grpc-microservices/InventoryService/internal/service/filter/allowedFeatures.go:29.36,31.4 1 0
github.com/jefrryss/go-grpc-microservices/InventoryService/internal/service/filter/allowedFeatures.go:33.2,33.35 1 0
github.com/jefrryss/go-grpc-microservices/InventoryService/internal/service/filter/filter.go:18.65,26.2 2 0
github.com/jefrryss/go-grpc-microservices/InventoryService/internal/service/filter/filter.go:28.61,29.27 1 0
github.com/jefrryss/go-grpc-microservices/InventoryService/internal/service/filter/filter.go:29.27,31.3 1 0
github.com/jefrryss/go-grpc-microservices/InventoryService/internal/service/filter/filter.go:32.2,32.28 1 0
github.com/jefrryss/go-grpc-microservices/InventoryService/internal/service/filter/filter.go:32.28,34.3 1 0
github.com/jefrryss/go-grpc-microservices/InventoryService/internal/service/filter/filter.go:35.2,35.27 1 0
github.com/jefrryss/go-grpc-microservices/InventoryService/internal/service/filter/filter.go:35.27,37.3 1 0
github.com/jefrryss/go-grpc-microservices/InventoryService/internal/service/filter/filter.go:38.2,38.31 1 0
github.com/jefrryss/go-grpc-microservices/InventoryService/internal/service/filter/filter.go:38.31,40.3 1 0
github.com/jefrryss/go-grpc-microservices/InventoryService/internal/service/filter/filter.go:41.2,41.30 1 0
github.com/jefrryss/go-grpc-microservices/InventoryService/internal/service/filter/filter.go:41.30,43.3 1 0
github.com/jefrryss/go-grpc-microservices/InventoryService/internal/service/filter/filter.go:44.2,44.13 1 0
github.com/jefrryss/go-grpc-microservices/InventoryService/internal/service/filter/filterByCategory.go:5.67,6.56 1 0
github.com/jefrryss/go-grpc-microservices/InventoryService/internal/service/filter/filterByCategory.go:6.56,8.3 1 0
github.com/jefrryss/go-grpc-microservices/InventoryService/internal/service/filter/filterByCategory.go:10.2,10.56 1 0
github.com/jefrryss/go-grpc-microservices/InventoryService/internal/service/filter/filterByCategory.go:10.56,12.56 1 0
github.com/jefrryss/go-grpc-microservices/InventoryService/internal/service/filter/filterByCategory.go:12.56,14.4 1 0
github.com/jefrryss/go-grpc-microservices/InventoryService/internal/service/filter/filterByCategory.go:16.2,16.14 1 0
github.com/jefrryss/go-grpc-microservices/InventoryService/internal/service/filter/filterByCountry.go:5.66,6.55 1 0
github.com/jefrryss/go-grpc-microservices/InventoryService/internal/service/filter/filterByCountry.go:6.55,8.3 1 0
github.com/jefrryss/go-grpc-microservices/InventoryService/internal/service/filter/filterByCountry.go:10.2,10.46 1 0
github.com/jefrryss/go-grpc-microservices/InventoryService/internal/service/filter/filterByCountry.go:10.46,11.43 1 0
github.com/jefrryss/go-grpc-microservices/InventoryService/internal/service/filter/filterByCountry.go:11.43,13.4 1 0
github.com/jefrryss/go-grpc-microservices/InventoryService/internal/service/filter/filterByCountry.go:15.2,15.14 1 0
github.com/jefrryss/go-grpc-microservices/InventoryService/internal/service/filter/filterByNames.go:5.64,6.30 1 0
github.com/jefrryss/go-grpc-microservices/InventoryService/internal/service/filter/filterByNames.go:6.30,8.3 1 0
github.com/jefrryss/go-grpc-microservices/InventoryService/internal/service/filter/filterByNames.go:9.2,10.11 2 0
github.com/jefrryss/go-grpc-microservices/InventoryService/internal/service/filter/filterByTags.go:5.63,6.29 1 0
github.com/jefrryss/go-grpc-microservices/InventoryService/internal/service/filter/filterByTags.go:6.29,8.3 1 0
github.com/jefrryss/go-grpc-microservices/InventoryService/internal/service/filter/filterByTags.go:9.2,9.32 1 0
github.com/jefrryss/go-grpc-microservices/InventoryService/internal/service/filter/filterByTags.go:9.32,10.38 1 0
github.com/jefrryss/go-grpc-microservices/InventoryService/internal/service/filter/filterByTags.go:10.38,12.4 1 0
github.com/jefrryss/go-grpc-microservices/InventoryService/internal/service/filter/filterByTags.go:14.2,14.14 1 0
github.com/jefrryss/go-grpc-microservices/InventoryService/internal/service/filter/filterByUuid.go:5.63,6.30 1 0
github.com/jefrryss/go-grpc-microservices/InventoryService/internal/service/filter/filterByUuid.go:6.30,8.3 1 0
github.com/jefrryss/go-grpc-microservices/InventoryService/internal/service/filter/filterByUuid.go:10.2,11.11 2 0
github.com/jefrryss/go-grpc-microservices/InventoryService/internal/service/part/getPart.go:10.92,11.34 1 0
github.com/jefrryss/go-grpc-microservices/InventoryService/internal/service/part/getPart.go:11.34,13.3 1 0
github.com/jefrryss/go-grpc-microservices/InventoryService/internal/service/part/getPart.go:14.2,14.20 1 0
github.com/jefrryss/go-grpc-microservices/InventoryService/internal/service/part/getPart.go:14.20,16.3 1 0
github.com/jefrryss/go-grpc-microservices/InventoryService/internal/service/part/getPart.go:17.2,18.16 2 0
github.com/jefrryss/go-grpc-microservices/InventoryService/internal/service/part/getPart.go:18.16,20.3 1 0
github.com/jefrryss/go-grpc-microservices/InventoryService/internal/service/part/getPart.go:21.2,21.17 1 0
github.com/jefrryss/go-grpc-microservices/InventoryService/internal/service/part/getPart.go:21.17,23.3 1 0
github.com/jefrryss/go-grpc-microservices/InventoryService/internal/service/part/getPart.go:24.2,24.18 1 0
github.com/jefrryss/go-grpc-microservices/InventoryService/internal/service/part/listParts.go:11.105,12.34 1 0
github.com/jefrryss/go-grpc-microservices/InventoryService/internal/service/part/listParts.go:12.34,14.3 1 0
github.com/jefrryss/go-grpc-microservices/InventoryService/internal/service/part/listParts.go:15.2,16.16 2 0
github.com/jefrryss/go-grpc-microservices/InventoryService/internal/service/part/listParts.go:16.16,18.3 1 0
github.com/jefrryss/go-grpc-microservices/InventoryService/internal/service/part/listParts.go:19.2,22.32 3 0
github.com/jefrryss/go-grpc-microservices/InventoryService/internal/service/part/listParts.go:22.32,23.29 1 0
github.com/jefrryss/go-grpc-microservices/InventoryService/internal/service/part/listParts.go:23.29,25.4 1 0
github.com/jefrryss/go-grpc-microservices/InventoryService/internal/service/part/listParts.go:27.2,27.17 1 0
github.com/jefrryss/go-grpc-microservices/InventoryService/internal/service/part/service.go:14.69,18.2 1 0
github.com/jefrryss/go-grpc-microservices/InventoryService/internal/api/inventory/v1/getPart.go:13.129,15.16 2 6
github.com/jefrryss/go-grpc-microservices/InventoryService/internal/api/inventory/v1/getPart.go:15.16,17.3 1 1
github.com/jefrryss/go-grpc-microservices/InventoryService/internal/api/inventory/v1/getPart.go:19.2,20.16 2 5
github.com/jefrryss/go-grpc-microservices/InventoryService/internal/api/inventory/v1/getPart.go:20.16,22.3 1 3
github.com/jefrryss/go-grpc-microservices/InventoryService/internal/api/inventory/v1/getPart.go:24.2,25.16 2 2
github.com/jefrryss/go-grpc-microservices/InventoryService/internal/api/inventory/v1/getPart.go:25.16,27.3 1 1
github.com/jefrryss/go-grpc-microservices/InventoryService/internal/api/inventory/v1/getPart.go:29.2,29.60 1 1
github.com/jefrryss/go-grpc-microservices/InventoryService/internal/api/inventory/v1/listParts.go:12.135,14.16 2 7
github.com/jefrryss/go-grpc-microservices/InventoryService/internal/api/inventory/v1/listParts.go:14.16,16.3 1 1
github.com/jefrryss/go-grpc-microservices/InventoryService/internal/api/inventory/v1/listParts.go:18.2,19.16 2 6
github.com/jefrryss/go-grpc-microservices/InventoryService/internal/api/inventory/v1/listParts.go:19.16,21.3 1 3
github.com/jefrryss/go-grpc-microservices/InventoryService/internal/api/inventory/v1/listParts.go:23.2,24.28 2 3
github.com/jefrryss/go-grpc-microservices/InventoryService/internal/api/inventory/v1/listParts.go:24.28,26.17 2 2
github.com/jefrryss/go-grpc-microservices/InventoryService/internal/api/inventory/v1/listParts.go:26.17,28.4 1 0
github.com/jefrryss/go-grpc-microservices/InventoryService/internal/api/inventory/v1/listParts.go:29.3,29.49 1 2
github.com/jefrryss/go-grpc-microservices/InventoryService/internal/api/inventory/v1/listParts.go:32.2,32.66 1 3
github.com/jefrryss/go-grpc-microservices/InventoryService/internal/api/inventory/v1/server.go:19.63,23.2 1 13
github.com/jefrryss/go-grpc-microservices/InventoryService/internal/api/inventory/v1/server.go:25.32,26.16 1 6
github.com/jefrryss/go-grpc-microservices/InventoryService/internal/api/inventory/v1/server.go:26.16,28.3 1 0
github.com/jefrryss/go-grpc-microservices/InventoryService/internal/api/inventory/v1/server.go:30.2,30.39 1 6
github.com/jefrryss/go-grpc-microservices/InventoryService/internal/api/inventory/v1/server.go:30.39,32.3 1 2
github.com/jefrryss/go-grpc-microservices/InventoryService/internal/api/inventory/v1/server.go:34.2,34.88 1 4
github.com/jefrryss/go-grpc-microservices/InventoryService/internal/api/inventory/v1/server.go:34.88,36.3 1 4
github.com/jefrryss/go-grpc-microservices/InventoryService/internal/api/inventory/v1/server.go:38.2,38.72 1 0
github.com/jefrryss/go-grpc-microservices/InventoryService/internal/repository/converter/part.go:11.81,12.17 1 0
github.com/jefrryss/go-grpc-microservices/InventoryService/internal/repository/converter/part.go:12.17,14.3 1 0
github.com/jefrryss/go-grpc-microservices/InventoryService/internal/repository/converter/part.go:16.2,17.26 2 0
github.com/jefrryss/go-grpc-microservices/InventoryService/internal/repository/converter/part.go:17.26,19.17 2 0
github.com/jefrryss/go-grpc-microservices/InventoryService/internal/repository/converter/part.go:19.17,21.4 1 0
github.com/jefrryss/go-grpc-microservices/InventoryService/internal/repository/converter/part.go:22.3,22.24 1 0
github.com/jefrryss/go-grpc-microservices/InventoryService/internal/repository/converter/part.go:25.2,45.22 2 0
github.com/jefrryss/go-grpc-microservices/InventoryService/internal/repository/converter/part.go:48.81,49.17 1 0
github.com/jefrryss/go-grpc-microservices/InventoryService/internal/repository/converter/part.go:49.17,51.3 1 0
github.com/jefrryss/go-grpc-microservices/InventoryService/internal/repository/converter/part.go:53.2,54.28 2 0
github.com/jefrryss/go-grpc-microservices/InventoryService/internal/repository/converter/part.go:54.28,55.66 1 0
github.com/jefrryss/go-grpc-microservices/InventoryService/internal/repository/converter/part.go:55.66,57.4 1 0
github.com/jefrryss/go-grpc-microservices/InventoryService/internal/repository/converter/part.go:60.2,83.23 2 0
github.com/jefrryss/go-grpc-microservices/InventoryService/internal/repository/part/getAll.go:11.73,17.29 4 0
github.com/jefrryss/go-grpc-microservices/InventoryService/internal/repository/part/getAll.go:17.29,19.17 2 0
github.com/jefrryss/go-grpc-microservices/InventoryService/internal/repository/part/getAll.go:19.17,21.4 1 0
github.com/jefrryss/go-grpc-microservices/InventoryService/internal/repository/part/getAll.go:22.3,22.29 1 0
github.com/jefrryss/go-grpc-microservices/InventoryService/internal/repository/part/getAll.go:24.2,24.17 1 0
github.com/jefrryss/go-grpc-microservices/InventoryService/internal/repository/part/getById.go:11.86,15.31 3 0
github.com/jefrryss/go-grpc-microservices/InventoryService/internal/repository/part/getById.go:15.31,17.17 2 0
github.com/jefrryss/go-grpc-microservices/InventoryService/internal/repository/part/getById.go:17.17,19.4 1 0
github.com/jefrryss/go-grpc-microservices/InventoryService/internal/repository/part/getById.go:20.3,20.20 1 0
github.com/jefrryss/go-grpc-microservices/InventoryService/internal/repository/part/getById.go:22.2,22.31 1 0
github.com/jefrryss/go-grpc-microservices/InventoryService/internal/repository/part/repository.go:18.34,23.2 2 0
github.com/jefrryss/go-grpc-microservices/InventoryService/internal/service/filter/allowedFeatures.go:8.118,10.20 1 0
github.com/jefrryss/go-grpc-microservices/InventoryService/internal/service/filter/allowedFeatures.go:10.20,12.3 1 0
github.com/jefrryss/go-grpc-microservices/InventoryService/internal/service/filter/allowedFeatures.go:14.2,18.28 4 0
github.com/jefrryss/go-grpc-microservices/InventoryService/internal/service/filter/allowedFeatures.go:18.28,19.37 1 0
github.com/jefrryss/go-grpc-microservices/InventoryService/internal/service/filter/allowedFeatures.go:19.37,21.4 1 0
github.com/jefrryss/go-grpc-microservices/InventoryService/internal/service/filter/allowedFeatures.go:23.2,23.28 1 0
github.com/jefrryss/go-grpc-microservices/InventoryService/internal/service/filter/allowedFeatures.go:23.28,24.37 1 0
github.com/jefrryss/go-grpc-microservices/InventoryService/internal/service/filter/allowedFeatures.go:24.37,26.4 1 0
github.com/jefrryss/go-grpc-microservices/InventoryService/internal/service/filter/allowedFeatures.go:28.2,28.27 1 0
github.com/jefrryss/go-grpc-microservices/InventoryService/internal/service/filter/allowedFeatures.go:28.27,29.36 1 0
github.com/jefrryss/go-grpc-microservices/InventoryService/internal/service/filter/allowedFeatures.go:29.36,31.4 1 0
github.com/jefrryss/go-grpc-microservices/InventoryService/internal/service/filter/allowedFeatures.go:33.2,33.35 1 0
github.com/jefrryss/go-grpc-microservices/InventoryService/internal/service/filter/filter.go:18.65,26.2 2 0
github.com/jefrryss/go-grpc-microservices/InventoryService/internal/service/filter/filter.go:28.61,29.27 1 0
github.com/jefrryss/go-grpc-microservices/InventoryService/internal/service/filter/filter.go:29.27,31.3 1 0
github.com/jefrryss/go-grpc-microservices/InventoryService/internal/service/filter/filter.go:32.2,32.28 1 0
github.com/jefrryss/go-grpc-microservices/InventoryService/internal/service/filter/filter.go:32.28,34.3 1 0
github.com/jefrryss/go-grpc-microservices/InventoryService/internal/service/filter/filter.go:35.2,35.27 1 0
github.com/jefrryss/go-grpc-microservices/InventoryService/internal/service/filter/filter.go:35.27,37.3 1 0
github.com/jefrryss/go-grpc-microservices/InventoryService/internal/service/filter/filter.go:38.2,38.31 1 0
github.com/jefrryss/go-grpc-microservices/InventoryService/internal/service/filter/filter.go:38.31,40.3 1 0
github.com/jefrryss/go-grpc-microservices/InventoryService/internal/service/filter/filter.go:41.2,41.30 1 0
github.com/jefrryss/go-grpc-microservices/InventoryService/internal/service/filter/filter.go:41.30,43.3 1 0
github.com/jefrryss/go-grpc-microservices/InventoryService/internal/service/filter/filter.go:44.2,44.13 1 0
github.com/jefrryss/go-grpc-microservices/InventoryService/internal/service/filter/filterByCategory.go:5.67,6.56 1 0
github.com/jefrryss/go-grpc-microservices/InventoryService/internal/service/filter/filterByCategory.go:6.56,8.3 1 0
github.com/jefrryss/go-grpc-microservices/InventoryService/internal/service/filter/filterByCategory.go:10.2,10.56 1 0
github.com/jefrryss/go-grpc-microservices/InventoryService/internal/service/filter/filterByCategory.go:10.56,12.56 1 0
github.com/jefrryss/go-grpc-microservices/InventoryService/internal/service/filter/filterByCategory.go:12.56,14.4 1 0
github.com/jefrryss/go-grpc-microservices/InventoryService/internal/service/filter/filterByCategory.go:16.2,16.14 1 0
github.com/jefrryss/go-grpc-microservices/InventoryService/internal/service/filter/filterByCountry.go:5.66,6.55 1 0
github.com/jefrryss/go-grpc-microservices/InventoryService/internal/service/filter/filterByCountry.go:6.55,8.3 1 0
github.com/jefrryss/go-grpc-microservices/InventoryService/internal/service/filter/filterByCountry.go:10.2,10.46 1 0
github.com/jefrryss/go-grpc-microservices/InventoryService/internal/service/filter/filterByCountry.go:10.46,11.43 1 0
github.com/jefrryss/go-grpc-microservices/InventoryService/internal/service/filter/filterByCountry.go:11.43,13.4 1 0
github.com/jefrryss/go-grpc-microservices/InventoryService/internal/service/filter/filterByCountry.go:15.2,15.14 1 0
github.com/jefrryss/go-grpc-microservices/InventoryService/internal/service/filter/filterByNames.go:5.64,6.30 1 0
github.com/jefrryss/go-grpc-microservices/InventoryService/internal/service/filter/filterByNames.go:6.30,8.3 1 0
github.com/jefrryss/go-grpc-microservices/InventoryService/internal/service/filter/filterByNames.go:9.2,10.11 2 0
github.com/jefrryss/go-grpc-microservices/InventoryService/internal/service/filter/filterByTags.go:5.63,6.29 1 0
github.com/jefrryss/go-grpc-microservices/InventoryService/internal/service/filter/filterByTags.go:6.29,8.3 1 0
github.com/jefrryss/go-grpc-microservices/InventoryService/internal/service/filter/filterByTags.go:9.2,9.32 1 0
github.com/jefrryss/go-grpc-microservices/InventoryService/internal/service/filter/filterByTags.go:9.32,10.38 1 0
github.com/jefrryss/go-grpc-microservices/InventoryService/internal/service/filter/filterByTags.go:10.38,12.4 1 0
github.com/jefrryss/go-grpc-microservices/InventoryService/internal/service/filter/filterByTags.go:14.2,14.14 1 0
github.com/jefrryss/go-grpc-microservices/InventoryService/internal/service/filter/filterByUuid.go:5.63,6.30 1 0
github.com/jefrryss/go-grpc-microservices/InventoryService/internal/service/filter/filterByUuid.go:6.30,8.3 1 0
github.com/jefrryss/go-grpc-microservices/InventoryService/internal/service/filter/filterByUuid.go:10.2,11.11 2 0
github.com/jefrryss/go-grpc-microservices/InventoryService/internal/service/part/getPart.go:10.92,11.34 1 0
github.com/jefrryss/go-grpc-microservices/InventoryService/internal/service/part/getPart.go:11.34,13.3 1 0
github.com/jefrryss/go-grpc-microservices/InventoryService/internal/service/part/getPart.go:14.2,14.20 1 0
github.com/jefrryss/go-grpc-microservices/InventoryService/internal/service/part/getPart.go:14.20,16.3 1 0
github.com/jefrryss/go-grpc-microservices/InventoryService/internal/service/part/getPart.go:17.2,18.16 2 0
github.com/jefrryss/go-grpc-microservices/InventoryService/internal/service/part/getPart.go:18.16,20.3 1 0
github.com/jefrryss/go-grpc-microservices/InventoryService/internal/service/part/getPart.go:21.2,21.17 1 0
github.com/jefrryss/go-grpc-microservices/InventoryService/internal/service/part/getPart.go:21.17,23.3 1 0
github.com/jefrryss/go-grpc-microservices/InventoryService/internal/service/part/getPart.go:24.2,24.18 1 0
github.com/jefrryss/go-grpc-microservices/InventoryService/internal/service/part/listParts.go:11.105,12.34 1 0
github.com/jefrryss/go-grpc-microservices/InventoryService/internal/service/part/listParts.go:12.34,14.3 1 0
github.com/jefrryss/go-grpc-microservices/InventoryService/internal/service/part/listParts.go:15.2,16.16 2 0
github.com/jefrryss/go-grpc-microservices/InventoryService/internal/service/part/listParts.go:16.16,18.3 1 0
github.com/jefrryss/go-grpc-microservices/InventoryService/internal/service/part/listParts.go:19.2,22.32 3 0
github.com/jefrryss/go-grpc-microservices/InventoryService/internal/service/part/listParts.go:22.32,23.29 1 0
github.com/jefrryss/go-grpc-microservices/InventoryService/internal/service/part/listParts.go:23.29,25.4 1 0
github.com/jefrryss/go-grpc-microservices/InventoryService/internal/service/part/listParts.go:27.2,27.17 1 0
github.com/jefrryss/go-grpc-microservices/InventoryService/internal/service/part/service.go:14.69,18.2 1 0
github.com/jefrryss/go-grpc-microservices/InventoryService/internal/api/inventory/v1/getPart.go:13.129,15.16 2 0
github.com/jefrryss/go-grpc-microservices/InventoryService/internal/api/inventory/v1/getPart.go:15.16,17.3 1 0
github.com/jefrryss/go-grpc-microservices/InventoryService/internal/api/inventory/v1/getPart.go:19.2,20.16 2 0
github.com/jefrryss/go-grpc-microservices/InventoryService/internal/api/inventory/v1/getPart.go:20.16,22.3 1 0
github.com/jefrryss/go-grpc-microservices/InventoryService/internal/api/inventory/v1/getPart.go:24.2,25.16 2 0
github.com/jefrryss/go-grpc-microservices/InventoryService/internal/api/inventory/v1/getPart.go:25.16,27.3 1 0
github.com/jefrryss/go-grpc-microservices/InventoryService/internal/api/inventory/v1/getPart.go:29.2,29.60 1 0
github.com/jefrryss/go-grpc-microservices/InventoryService/internal/api/inventory/v1/listParts.go:12.135,14.16 2 0
github.com/jefrryss/go-grpc-microservices/InventoryService/internal/api/inventory/v1/listParts.go:14.16,16.3 1 0
github.com/jefrryss/go-grpc-microservices/InventoryService/internal/api/inventory/v1/listParts.go:18.2,19.16 2 0
github.com/jefrryss/go-grpc-microservices/InventoryService/internal/api/inventory/v1/listParts.go:19.16,21.3 1 0
github.com/jefrryss/go-grpc-microservices/InventoryService/internal/api/inventory/v1/listParts.go:23.2,24.28 2 0
github.com/jefrryss/go-grpc-microservices/InventoryService/internal/api/inventory/v1/listParts.go:24.28,26.17 2 0
github.com/jefrryss/go-grpc-microservices/InventoryService/internal/api/inventory/v1/listParts.go:26.17,28.4 1 0
github.com/jefrryss/go-grpc-microservices/InventoryService/internal/api/inventory/v1/listParts.go:29.3,29.49 1 0
github.com/jefrryss/go-grpc-microservices/InventoryService/internal/api/inventory/v1/listParts.go:32.2,32.66 1 0
github.com/jefrryss/go-grpc-microservices/InventoryService/internal/api/inventory/v1/server.go:19.63,23.2 1 0
github.com/jefrryss/go-grpc-microservices/InventoryService/internal/api/inventory/v1/server.go:25.32,26.16 1 0
github.com/jefrryss/go-grpc-microservices/InventoryService/internal/api/inventory/v1/server.go:26.16,28.3 1 0
github.com/jefrryss/go-grpc-microservices/InventoryService/internal/api/inventory/v1/server.go:30.2,30.39 1 0
github.com/jefrryss/go-grpc-microservices/InventoryService/internal/api/inventory/v1/server.go:30.39,32.3 1 0
github.com/jefrryss/go-grpc-microservices/InventoryService/internal/api/inventory/v1/server.go:34.2,34.88 1 0
github.com/jefrryss/go-grpc-microservices/InventoryService/internal/api/inventory/v1/server.go:34.88,36.3 1 0
github.com/jefrryss/go-grpc-microservices/InventoryService/internal/api/inventory/v1/server.go:38.2,38.72 1 0
github.com/jefrryss/go-grpc-microservices/InventoryService/internal/repository/converter/part.go:11.81,12.17 1 0
github.com/jefrryss/go-grpc-microservices/InventoryService/internal/repository/converter/part.go:12.17,14.3 1 0
github.com/jefrryss/go-grpc-microservices/InventoryService/internal/repository/converter/part.go:16.2,17.26 2 0
github.com/jefrryss/go-grpc-microservices/InventoryService/internal/repository/converter/part.go:17.26,19.17 2 0
github.com/jefrryss/go-grpc-microservices/InventoryService/internal/repository/converter/part.go:19.17,21.4 1 0
github.com/jefrryss/go-grpc-microservices/InventoryService/internal/repository/converter/part.go:22.3,22.24 1 0
github.com/jefrryss/go-grpc-microservices/InventoryService/internal/repository/converter/part.go:25.2,45.22 2 0
github.com/jefrryss/go-grpc-microservices/InventoryService/internal/repository/converter/part.go:48.81,49.17 1 0
github.com/jefrryss/go-grpc-microservices/InventoryService/internal/repository/converter/part.go:49.17,51.3 1 0
github.com/jefrryss/go-grpc-microservices/InventoryService/internal/repository/converter/part.go:53.2,54.28 2 0
github.com/jefrryss/go-grpc-microservices/InventoryService/internal/repository/converter/part.go:54.28,55.66 1 0
github.com/jefrryss/go-grpc-microservices/InventoryService/internal/repository/converter/part.go:55.66,57.4 1 0
github.com/jefrryss/go-grpc-microservices/InventoryService/internal/repository/converter/part.go:60.2,83.23 2 0
github.com/jefrryss/go-grpc-microservices/InventoryService/internal/repository/part/getAll.go:11.73,17.29 4 0
github.com/jefrryss/go-grpc-microservices/InventoryService/internal/repository/part/getAll.go:17.29,19.17 2 0
github.com/jefrryss/go-grpc-microservices/InventoryService/internal/repository/part/getAll.go:19.17,21.4 1 0
github.com/jefrryss/go-grpc-microservices/InventoryService/internal/repository/part/getAll.go:22.3,22.29 1 0
github.com/jefrryss/go-grpc-microservices/InventoryService/internal/repository/part/getAll.go:24.2,24.17 1 0
github.com/jefrryss/go-grpc-microservices/InventoryService/internal/repository/part/getById.go:11.86,15.31 3 0
github.com/jefrryss/go-grpc-microservices/InventoryService/internal/repository/part/getById.go:15.31,17.17 2 0
github.com/jefrryss/go-grpc-microservices/InventoryService/internal/repository/part/getById.go:17.17,19.4 1 0
github.com/jefrryss/go-grpc-microservices/InventoryService/internal/repository/part/getById.go:20.3,20.20 1 0
github.com/jefrryss/go-grpc-microservices/InventoryService/internal/repository/part/getById.go:22.2,22.31 1 0
github.com/jefrryss/go-grpc-microservices/InventoryService/internal/repository/part/repository.go:18.34,23.2 2 0
github.com/jefrryss/go-grpc-microservices/InventoryService/internal/service/filter/allowedFeatures.go:8.118,10.20 1 2
github.com/jefrryss/go-grpc-microservices/InventoryService/internal/service/filter/allowedFeatures.go:10.20,12.3 1 0
github.com/jefrryss/go-grpc-microservices/InventoryService/internal/service/filter/allowedFeatures.go:14.2,18.28 4 2
github.com/jefrryss/go-grpc-microservices/InventoryService/internal/service/filter/allowedFeatures.go:18.28,19.37 1 0
github.com/jefrryss/go-grpc-microservices/InventoryService/internal/service/filter/allowedFeatures.go:19.37,21.4 1 0
github.com/jefrryss/go-grpc-microservices/InventoryService/internal/service/filter/allowedFeatures.go:23.2,23.28 1 2
github.com/jefrryss/go-grpc-microservices/InventoryService/internal/service/filter/allowedFeatures.go:23.28,24.37 1 0
github.com/jefrryss/go-grpc-microservices/InventoryService/internal/service/filter/allowedFeatures.go:24.37,26.4 1 0
github.com/jefrryss/go-grpc-microservices/InventoryService/internal/service/filter/allowedFeatures.go:28.2,28.27 1 2
github.com/jefrryss/go-grpc-microservices/InventoryService/internal/service/filter/allowedFeatures.go:28.27,29.36 1 0
github.com/jefrryss/go-grpc-microservices/InventoryService/internal/service/filter/allowedFeatures.go:29.36,31.4 1 0
github.com/jefrryss/go-grpc-microservices/InventoryService/internal/service/filter/allowedFeatures.go:33.2,33.35 1 2
github.com/jefrryss/go-grpc-microservices/InventoryService/internal/service/filter/filter.go:18.65,26.2 2 2
github.com/jefrryss/go-grpc-microservices/InventoryService/internal/service/filter/filter.go:28.61,29.27 1 3
github.com/jefrryss/go-grpc-microservices/InventoryService/internal/service/filter/filter.go:29.27,31.3 1 0
github.com/jefrryss/go-grpc-microservices/InventoryService/internal/service/filter/filter.go:32.2,32.28 1 3
github.com/jefrryss/go-grpc-microservices/InventoryService/internal/service/filter/filter.go:32.28,34.3 1 0
github.com/jefrryss/go-grpc-microservices/InventoryService/internal/service/filter/filter.go:35.2,35.27 1 3
github.com/jefrryss/go-grpc-microservices/InventoryService/internal/service/filter/filter.go:35.27,37.3 1 0
github.com/jefrryss/go-grpc-microservices/InventoryService/internal/service/filter/filter.go:38.2,38.31 1 3
github.com/jefrryss/go-grpc-microservices/InventoryService/internal/service/filter/filter.go:38.31,40.3 1 2
github.com/jefrryss/go-grpc-microservices/InventoryService/internal/service/filter/filter.go:41.2,41.30 1 1
github.com/jefrryss/go-grpc-microservices/InventoryService/internal/service/filter/filter.go:41.30,43.3 1 0
github.com/jefrryss/go-grpc-microservices/InventoryService/internal/service/filter/filter.go:44.2,44.13 1 1
github.com/jefrryss/go-grpc-microservices/InventoryService/internal/service/filter/filterByCategory.go:5.67,6.56 1 3
github.com/jefrryss/go-grpc-microservices/InventoryService/internal/service/filter/filterByCategory.go:6.56,8.3 1 0
github.com/jefrryss/go-grpc-microservices/InventoryService/internal/service/filter/filterByCategory.go:10.2,10.56 1 3
github.com/jefrryss/go-grpc-microservices/InventoryService/internal/service/filter/filterByCategory.go:10.56,12.56 1 3
github.com/jefrryss/go-grpc-microservices/InventoryService/internal/service/filter/filterByCategory.go:12.56,14.4 1 1
github.com/jefrryss/go-grpc-microservices/InventoryService/internal/service/filter/filterByCategory.go:16.2,16.14 1 2
github.com/jefrryss/go-grpc-microservices/InventoryService/internal/service/filter/filterByCountry.go:5.66,6.55 1 1
github.com/jefrryss/go-grpc-microservices/InventoryService/internal/service/filter/filterByCountry.go:6.55,8.3 1 1
github.com/jefrryss/go-grpc-microservices/InventoryService/internal/service/filter/filterByCountry.go:10.2,10.46 1 0
github.com/jefrryss/go-grpc-microservices/InventoryService/internal/service/filter/filterByCountry.go:10.46,11.43 1 0
github.com/jefrryss/go-grpc-microservices/InventoryService/internal/service/filter/filterByCountry.go:11.43,13.4 1 0
github.com/jefrryss/go-grpc-microservices/InventoryService/internal/service/filter/filterByCountry.go:15.2,15.14 1 0
github.com/jefrryss/go-grpc-microservices/InventoryService/internal/service/filter/filterByNames.go:5.64,6.30 1 3
github.com/jefrryss/go-grpc-microservices/InventoryService/internal/service/filter/filterByNames.go:6.30,8.3 1 3
github.com/jefrryss/go-grpc-microservices/InventoryService/internal/service/filter/filterByNames.go:9.2,10.11 2 0
github.com/jefrryss/go-grpc-microservices/InventoryService/internal/service/filter/filterByTags.go:5.63,6.29 1 3
github.com/jefrryss/go-grpc-microservices/InventoryService/internal/service/filter/filterByTags.go:6.29,8.3 1 3
github.com/jefrryss/go-grpc-microservices/InventoryService/internal/service/filter/filterByTags.go:9.2,9.32 1 0
github.com/jefrryss/go-grpc-microservices/InventoryService/internal/service/filter/filterByTags.go:9.32,10.38 1 0
github.com/jefrryss/go-grpc-microservices/InventoryService/internal/service/filter/filterByTags.go:10.38,12.4 1 0
github.com/jefrryss/go-grpc-microservices/InventoryService/internal/service/filter/filterByTags.go:14.2,14.14 1 0
github.com/jefrryss/go-grpc-microservices/InventoryService/internal/service/filter/filterByUuid.go:5.63,6.30 1 3
github.com/jefrryss/go-grpc-microservices/InventoryService/internal/service/filter/filterByUuid.go:6.30,8.3 1 3
github.com/jefrryss/go-grpc-microservices/InventoryService/internal/service/filter/filterByUuid.go:10.2,11.11 2 0
github.com/jefrryss/go-grpc-microservices/InventoryService/internal/service/part/getPart.go:10.92,11.34 1 5
github.com/jefrryss/go-grpc-microservices/InventoryService/internal/service/part/getPart.go:11.34,13.3 1 1
github.com/jefrryss/go-grpc-microservices/InventoryService/internal/service/part/getPart.go:14.2,14.20 1 4
github.com/jefrryss/go-grpc-microservices/InventoryService/internal/service/part/getPart.go:14.20,16.3 1 1
github.com/jefrryss/go-grpc-microservices/InventoryService/internal/service/part/getPart.go:17.2,18.16 2 3
github.com/jefrryss/go-grpc-microservices/InventoryService/internal/service/part/getPart.go:18.16,20.3 1 1
github.com/jefrryss/go-grpc-microservices/InventoryService/internal/service/part/getPart.go:21.2,21.17 1 2
github.com/jefrryss/go-grpc-microservices/InventoryService/internal/service/part/getPart.go:21.17,23.3 1 1
github.com/jefrryss/go-grpc-microservices/InventoryService/internal/service/part/getPart.go:24.2,24.18 1 1
github.com/jefrryss/go-grpc-microservices/InventoryService/internal/service/part/listParts.go:11.105,12.34 1 4
github.com/jefrryss/go-grpc-microservices/InventoryService/internal/service/part/listParts.go:12.34,14.3 1 1
github.com/jefrryss/go-grpc-microservices/InventoryService/internal/service/part/listParts.go:15.2,16.16 2 3
github.com/jefrryss/go-grpc-microservices/InventoryService/internal/service/part/listParts.go:16.16,18.3 1 1
github.com/jefrryss/go-grpc-microservices/InventoryService/internal/service/part/listParts.go:19.2,22.32 3 2
github.com/jefrryss/go-grpc-microservices/InventoryService/internal/service/part/listParts.go:22.32,23.29 1 3
github.com/jefrryss/go-grpc-microservices/InventoryService/internal/service/part/listParts.go:23.29,25.4 1 1
github.com/jefrryss/go-grpc-microservices/InventoryService/internal/service/part/listParts.go:27.2,27.17 1 2
github.com/jefrryss/go-grpc-microservices/InventoryService/internal/service/part/service.go:14.69,18.2 1 9
github.com/jefrryss/go-grpc-microservices/InventoryService/internal/repository/converter/part.go:11.81,12.17 1 0
github.com/jefrryss/go-grpc-microservices/InventoryService/internal/repository/converter/part.go:12.17,14.3 1 0
github.com/jefrryss/go-grpc-microservices/InventoryService/internal/repository/converter/part.go:16.2,17.26 2 0
github.com/jefrryss/go-grpc-microservices/InventoryService/internal/repository/converter/part.go:17.26,19.17 2 0
github.com/jefrryss/go-grpc-microservices/InventoryService/internal/repository/converter/part.go:19.17,21.4 1 0
github.com/jefrryss/go-grpc-microservices/InventoryService/internal/repository/converter/part.go:22.3,22.24 1 0
github.com/jefrryss/go-grpc-microservices/InventoryService/internal/repository/converter/part.go:25.2,45.22 2 0
github.com/jefrryss/go-grpc-microservices/InventoryService/internal/repository/converter/part.go:48.81,49.17 1 0
github.com/jefrryss/go-grpc-microservices/InventoryService/internal/repository/converter/part.go:49.17,51.3 1 0
github.com/jefrryss/go-grpc-microservices/InventoryService/internal/repository/converter/part.go:53.2,54.28 2 0
github.com/jefrryss/go-grpc-microservices/InventoryService/internal/repository/converter/part.go:54.28,55.66 1 0
github.com/jefrryss/go-grpc-microservices/InventoryService/internal/repository/converter/part.go:55.66,57.4 1 0
github.com/jefrryss/go-grpc-microservices/InventoryService/internal/repository/converter/part.go:60.2,83.23 2 0
github.com/jefrryss/go-grpc-microservices/InventoryService/internal/service/filter/allowedFeatures.go:8.118,10.20 1 0
github.com/jefrryss/go-grpc-microservices/InventoryService/internal/service/filter/allowedFeatures.go:10.20,12.3 1 0
github.com/jefrryss/go-grpc-microservices/InventoryService/internal/service/filter/allowedFeatures.go:14.2,18.28 4 0
github.com/jefrryss/go-grpc-microservices/InventoryService/internal/service/filter/allowedFeatures.go:18.28,19.37 1 0
github.com/jefrryss/go-grpc-microservices/InventoryService/internal/service/filter/allowedFeatures.go:19.37,21.4 1 0
github.com/jefrryss/go-grpc-microservices/InventoryService/internal/service/filter/allowedFeatures.go:23.2,23.28 1 0
github.com/jefrryss/go-grpc-microservices/InventoryService/internal/service/filter/allowedFeatures.go:23.28,24.37 1 0
github.com/jefrryss/go-grpc-microservices/InventoryService/internal/service/filter/allowedFeatures.go:24.37,26.4 1 0
github.com/jefrryss/go-grpc-microservices/InventoryService/internal/service/filter/allowedFeatures.go:28.2,28.27 1 0
github.com/jefrryss/go-grpc-microservices/InventoryService/internal/service/filter/allowedFeatures.go:28.27,29.36 1 0
github.com/jefrryss/go-grpc-microservices/InventoryService/internal/service/filter/allowedFeatures.go:29.36,31.4 1 0
github.com/jefrryss/go-grpc-microservices/InventoryService/internal/service/filter/allowedFeatures.go:33.2,33.35 1 0
github.com/jefrryss/go-grpc-microservices/InventoryService/internal/service/filter/filter.go:18.65,26.2 2 0
github.com/jefrryss/go-grpc-microservices/InventoryService/internal/service/filter/filter.go:28.61,29.27 1 0
github.com/jefrryss/go-grpc-microservices/InventoryService/internal/service/filter/filter.go:29.27,31.3 1 0
github.com/jefrryss/go-grpc-microservices/InventoryService/internal/service/filter/filter.go:32.2,32.28 1 0
github.com/jefrryss/go-grpc-microservices/InventoryService/internal/service/filter/filter.go:32.28,34.3 1 0
github.com/jefrryss/go-grpc-microservices/InventoryService/internal/service/filter/filter.go:35.2,35.27 1 0
github.com/jefrryss/go-grpc-microservices/InventoryService/internal/service/filter/filter.go:35.27,37.3 1 0
github.com/jefrryss/go-grpc-microservices/InventoryService/internal/service/filter/filter.go:38.2,38.31 1 0
github.com/jefrryss/go-grpc-microservices/InventoryService/internal/service/filter/filter.go:38.31,40.3 1 0
github.com/jefrryss/go-grpc-microservices/InventoryService/internal/service/filter/filter.go:41.2,41.30 1 0
github.com/jefrryss/go-grpc-microservices/InventoryService/internal/service/filter/filter.go:41.30,43.3 1 0
github.com/jefrryss/go-grpc-microservices/InventoryService/internal/service/filter/filter.go:44.2,44.13 1 0
github.com/jefrryss/go-grpc-microservices/InventoryService/internal/service/filter/filterByCategory.go:5.67,6.56 1 0
github.com/jefrryss/go-grpc-microservices/InventoryService/internal/service/filter/filterByCategory.go:6.56,8.3 1 0
github.com/jefrryss/go-grpc-microservices/InventoryService/internal/service/filter/filterByCategory.go:10.2,10.56 1 0
github.com/jefrryss/go-grpc-microservices/InventoryService/internal/service/filter/filterByCategory.go:10.56,12.56 1 0
github.com/jefrryss/go-grpc-microservices/InventoryService/internal/service/filter/filterByCategory.go:12.56,14.4 1 0
github.com/jefrryss/go-grpc-microservices/InventoryService/internal/service/filter/filterByCategory.go:16.2,16.14 1 0
github.com/jefrryss/go-grpc-microservices/InventoryService/internal/service/filter/filterByCountry.go:5.66,6.55 1 0
github.com/jefrryss/go-grpc-microservices/InventoryService/internal/service/filter/filterByCountry.go:6.55,8.3 1 0
github.com/jefrryss/go-grpc-microservices/InventoryService/internal/service/filter/filterByCountry.go:10.2,10.46 1 0
github.com/jefrryss/go-grpc-microservices/InventoryService/internal/service/filter/filterByCountry.go:10.46,11.43 1 0
github.com/jefrryss/go-grpc-microservices/InventoryService/internal/service/filter/filterByCountry.go:11.43,13.4 1 0
github.com/jefrryss/go-grpc-microservices/InventoryService/internal/service/filter/filterByCountry.go:15.2,15.14 1 0
github.com/jefrryss/go-grpc-microservices/InventoryService/internal/service/filter/filterByNames.go:5.64,6.30 1 0
github.com/jefrryss/go-grpc-microservices/InventoryService/internal/service/filter/filterByNames.go:6.30,8.3 1 0
github.com/jefrryss/go-grpc-microservices/InventoryService/internal/service/filter/filterByNames.go:9.2,10.11 2 0
github.com/jefrryss/go-grpc-microservices/InventoryService/internal/service/filter/filterByTags.go:5.63,6.29 1 0
github.com/jefrryss/go-grpc-microservices/InventoryService/internal/service/filter/filterByTags.go:6.29,8.3 1 0
github.com/jefrryss/go-grpc-microservices/InventoryService/internal/service/filter/filterByTags.go:9.2,9.32 1 0
github.com/jefrryss/go-grpc-microservices/InventoryService/internal/service/filter/filterByTags.go:9.32,10.38 1 0
github.com/jefrryss/go-grpc-microservices/InventoryService/internal/service/filter/filterByTags.go:10.38,12.4 1 0
github.com/jefrryss/go-grpc-microservices/InventoryService/internal/service/filter/filterByTags.go:14.2,14.14 1 0
github.com/jefrryss/go-grpc-microservices/InventoryService/internal/service/filter/filterByUuid.go:5.63,6.30 1 0
github.com/jefrryss/go-grpc-microservices/InventoryService/internal/service/filter/filterByUuid.go:6.30,8.3 1 0
github.com/jefrryss/go-grpc-microservices/InventoryService/internal/service/filter/filterByUuid.go:10.2,11.11 2 0
