mode: atomic
github.com/jefrryss/go-grpc-microservices/OrderService/internal/api/order/v1/cancelOrder.go:14.129,15.34 1 0
github.com/jefrryss/go-grpc-microservices/OrderService/internal/api/order/v1/cancelOrder.go:15.34,17.3 1 0
github.com/jefrryss/go-grpc-microservices/OrderService/internal/api/order/v1/cancelOrder.go:19.2,19.30 1 0
github.com/jefrryss/go-grpc-microservices/OrderService/internal/api/order/v1/cancelOrder.go:19.30,21.3 1 0
github.com/jefrryss/go-grpc-microservices/OrderService/internal/api/order/v1/cancelOrder.go:23.2,24.16 2 0
github.com/jefrryss/go-grpc-microservices/OrderService/internal/api/order/v1/cancelOrder.go:24.16,26.3 1 0
github.com/jefrryss/go-grpc-microservices/OrderService/internal/api/order/v1/cancelOrder.go:27.2,28.16 2 0
github.com/jefrryss/go-grpc-microservices/OrderService/internal/api/order/v1/cancelOrder.go:28.16,29.45 1 0
github.com/jefrryss/go-grpc-microservices/OrderService/internal/api/order/v1/cancelOrder.go:29.45,31.4 1 0
github.com/jefrryss/go-grpc-microservices/OrderService/internal/api/order/v1/cancelOrder.go:32.3,32.54 1 0
github.com/jefrryss/go-grpc-microservices/OrderService/internal/api/order/v1/cancelOrder.go:32.54,34.4 1 0
github.com/jefrryss/go-grpc-microservices/OrderService/internal/api/order/v1/cancelOrder.go:35.3,35.79 1 0
github.com/jefrryss/go-grpc-microservices/OrderService/internal/api/order/v1/cancelOrder.go:38.2,38.45 1 0
github.com/jefrryss/go-grpc-microservices/OrderService/internal/api/order/v1/createOrder.go:12.133,13.34 1 0
github.com/jefrryss/go-grpc-microservices/OrderService/internal/api/order/v1/createOrder.go:13.34,15.3 1 0
github.com/jefrryss/go-grpc-microservices/OrderService/internal/api/order/v1/createOrder.go:17.2,17.33 1 0
github.com/jefrryss/go-grpc-microservices/OrderService/internal/api/order/v1/createOrder.go:17.33,19.3 1 0
github.com/jefrryss/go-grpc-microservices/OrderService/internal/api/order/v1/createOrder.go:21.2,21.38 1 0
github.com/jefrryss/go-grpc-microservices/OrderService/internal/api/order/v1/createOrder.go:21.38,23.3 1 0
github.com/jefrryss/go-grpc-microservices/OrderService/internal/api/order/v1/createOrder.go:24.2,25.16 2 0
github.com/jefrryss/go-grpc-microservices/OrderService/internal/api/order/v1/createOrder.go:25.16,27.3 1 0
github.com/jefrryss/go-grpc-microservices/OrderService/internal/api/order/v1/createOrder.go:28.2,29.49 2 0
github.com/jefrryss/go-grpc-microservices/OrderService/internal/api/order/v1/createOrder.go:29.49,31.17 2 0
github.com/jefrryss/go-grpc-microservices/OrderService/internal/api/order/v1/createOrder.go:31.17,33.4 1 0
github.com/jefrryss/go-grpc-microservices/OrderService/internal/api/order/v1/createOrder.go:34.3,34.38 1 0
github.com/jefrryss/go-grpc-microservices/OrderService/internal/api/order/v1/createOrder.go:36.2,37.16 2 0
github.com/jefrryss/go-grpc-microservices/OrderService/internal/api/order/v1/createOrder.go:37.16,39.3 1 0
github.com/jefrryss/go-grpc-microservices/OrderService/internal/api/order/v1/createOrder.go:41.2,41.93 1 0
github.com/jefrryss/go-grpc-microservices/OrderService/internal/api/order/v1/getOrder.go:13.138,14.34 1 0
github.com/jefrryss/go-grpc-microservices/OrderService/internal/api/order/v1/getOrder.go:14.34,16.3 1 0
github.com/jefrryss/go-grpc-microservices/OrderService/internal/api/order/v1/getOrder.go:18.2,18.30 1 0
github.com/jefrryss/go-grpc-microservices/OrderService/internal/api/order/v1/getOrder.go:18.30,20.3 1 0
github.com/jefrryss/go-grpc-microservices/OrderService/internal/api/order/v1/getOrder.go:21.2,22.16 2 0
github.com/jefrryss/go-grpc-microservices/OrderService/internal/api/order/v1/getOrder.go:22.16,24.3 1 0
github.com/jefrryss/go-grpc-microservices/OrderService/internal/api/order/v1/getOrder.go:25.2,26.16 2 0
github.com/jefrryss/go-grpc-microservices/OrderService/internal/api/order/v1/getOrder.go:26.16,28.3 1 0
github.com/jefrryss/go-grpc-microservices/OrderService/internal/api/order/v1/getOrder.go:30.2,32.8 1 0
github.com/jefrryss/go-grpc-microservices/OrderService/internal/api/order/v1/payOrder.go:13.120,14.34 1 0
github.com/jefrryss/go-grpc-microservices/OrderService/internal/api/order/v1/payOrder.go:14.34,16.3 1 0
github.com/jefrryss/go-grpc-microservices/OrderService/internal/api/order/v1/payOrder.go:18.2,18.30 1 0
github.com/jefrryss/go-grpc-microservices/OrderService/internal/api/order/v1/payOrder.go:18.30,20.3 1 0
github.com/jefrryss/go-grpc-microservices/OrderService/internal/api/order/v1/payOrder.go:22.2,22.72 1 0
github.com/jefrryss/go-grpc-microservices/OrderService/internal/api/order/v1/payOrder.go:22.72,24.3 1 0
github.com/jefrryss/go-grpc-microservices/OrderService/internal/api/order/v1/payOrder.go:25.2,26.16 2 0
github.com/jefrryss/go-grpc-microservices/OrderService/internal/api/order/v1/payOrder.go:26.16,28.3 1 0
github.com/jefrryss/go-grpc-microservices/OrderService/internal/api/order/v1/payOrder.go:29.2,31.16 3 0
github.com/jefrryss/go-grpc-microservices/OrderService/internal/api/order/v1/payOrder.go:31.16,33.3 1 0
github.com/jefrryss/go-grpc-microservices/OrderService/internal/api/order/v1/payOrder.go:34.2,34.75 1 0
github.com/jefrryss/go-grpc-microservices/OrderService/internal/api/order/v1/server.go:13.55,17.2 1 0
github.com/jefrryss/go-grpc-microservices/OrderService/internal/repository/converter/order.go:9.55,10.18 1 0
github.com/jefrryss/go-grpc-microservices/OrderService/internal/repository/converter/order.go:10.18,12.3 1 0
github.com/jefrryss/go-grpc-microservices/OrderService/internal/repository/converter/order.go:14.2,15.26 2 0
github.com/jefrryss/go-grpc-microservices/OrderService/internal/repository/converter/order.go:15.26,18.3 2 0
github.com/jefrryss/go-grpc-microservices/OrderService/internal/repository/converter/order.go:20.2,30.3 1 0
github.com/jefrryss/go-grpc-microservices/OrderService/internal/repository/converter/order.go:33.61,34.22 1 0
github.com/jefrryss/go-grpc-microservices/OrderService/internal/repository/converter/order.go:34.22,36.3 1 0
github.com/jefrryss/go-grpc-microservices/OrderService/internal/repository/converter/order.go:38.2,39.30 2 0
github.com/jefrryss/go-grpc-microservices/OrderService/internal/repository/converter/order.go:39.30,42.3 2 0
github.com/jefrryss/go-grpc-microservices/OrderService/internal/repository/converter/order.go:44.2,54.3 1 0
github.com/jefrryss/go-grpc-microservices/OrderService/internal/repository/order/getOrder.go:11.96,15.44 3 0
github.com/jefrryss/go-grpc-microservices/OrderService/internal/repository/order/getOrder.go:15.44,17.25 2 0
github.com/jefrryss/go-grpc-microservices/OrderService/internal/repository/order/getOrder.go:17.25,19.4 1 0
github.com/jefrryss/go-grpc-microservices/OrderService/internal/repository/order/getOrder.go:22.2,22.47 1 0
github.com/jefrryss/go-grpc-microservices/OrderService/internal/repository/order/repository.go:18.36,22.2 1 0
github.com/jefrryss/go-grpc-microservices/OrderService/internal/repository/order/setOrder.go:10.79,16.22 4 0
github.com/jefrryss/go-grpc-microservices/OrderService/internal/repository/order/setOrder.go:16.22,18.3 1 0
github.com/jefrryss/go-grpc-microservices/OrderService/internal/repository/order/setOrder.go:19.2,19.12 1 0
github.com/jefrryss/go-grpc-microservices/OrderService/internal/service/order/cancelOrder.go:11.84,12.34 1 5
github.com/jefrryss/go-grpc-microservices/OrderService/internal/service/order/cancelOrder.go:12.34,14.3 1 1
github.com/jefrryss/go-grpc-microservices/OrderService/internal/service/order/cancelOrder.go:16.2,17.16 2 4
github.com/jefrryss/go-grpc-microservices/OrderService/internal/service/order/cancelOrder.go:17.16,19.3 1 1
github.com/jefrryss/go-grpc-microservices/OrderService/internal/service/order/cancelOrder.go:20.2,20.53 1 3
github.com/jefrryss/go-grpc-microservices/OrderService/internal/service/order/cancelOrder.go:20.53,24.17 4 2
github.com/jefrryss/go-grpc-microservices/OrderService/internal/service/order/cancelOrder.go:24.17,26.4 1 1
github.com/jefrryss/go-grpc-microservices/OrderService/internal/service/order/cancelOrder.go:27.3,27.13 1 1
github.com/jefrryss/go-grpc-microservices/OrderService/internal/service/order/cancelOrder.go:29.2,29.40 1 1
github.com/jefrryss/go-grpc-microservices/OrderService/internal/service/order/createOrder.go:12.129,13.34 1 5
github.com/jefrryss/go-grpc-microservices/OrderService/internal/service/order/createOrder.go:13.34,15.3 1 1
github.com/jefrryss/go-grpc-microservices/OrderService/internal/service/order/createOrder.go:17.2,18.16 2 4
github.com/jefrryss/go-grpc-microservices/OrderService/internal/service/order/createOrder.go:18.16,20.3 1 1
github.com/jefrryss/go-grpc-microservices/OrderService/internal/service/order/createOrder.go:22.2,23.32 2 3
github.com/jefrryss/go-grpc-microservices/OrderService/internal/service/order/createOrder.go:23.32,25.3 1 4
github.com/jefrryss/go-grpc-microservices/OrderService/internal/service/order/createOrder.go:27.2,28.29 2 3
github.com/jefrryss/go-grpc-microservices/OrderService/internal/service/order/createOrder.go:28.29,30.3 1 3
github.com/jefrryss/go-grpc-microservices/OrderService/internal/service/order/createOrder.go:32.2,33.49 2 3
github.com/jefrryss/go-grpc-microservices/OrderService/internal/service/order/createOrder.go:33.49,35.14 2 4
github.com/jefrryss/go-grpc-microservices/OrderService/internal/service/order/createOrder.go:35.14,37.4 1 1
github.com/jefrryss/go-grpc-microservices/OrderService/internal/service/order/createOrder.go:38.3,38.44 1 3
github.com/jefrryss/go-grpc-microservices/OrderService/internal/service/order/createOrder.go:41.2,42.32 2 2
github.com/jefrryss/go-grpc-microservices/OrderService/internal/service/order/createOrder.go:42.32,44.3 1 3
github.com/jefrryss/go-grpc-microservices/OrderService/internal/service/order/createOrder.go:46.2,60.16 4 2
github.com/jefrryss/go-grpc-microservices/OrderService/internal/service/order/createOrder.go:60.16,62.3 1 1
github.com/jefrryss/go-grpc-microservices/OrderService/internal/service/order/createOrder.go:64.2,64.35 1 1
github.com/jefrryss/go-grpc-microservices/OrderService/internal/service/order/getOrder.go:10.97,11.34 1 3
github.com/jefrryss/go-grpc-microservices/OrderService/internal/service/order/getOrder.go:11.34,13.3 1 1
github.com/jefrryss/go-grpc-microservices/OrderService/internal/service/order/getOrder.go:15.2,16.16 2 2
github.com/jefrryss/go-grpc-microservices/OrderService/internal/service/order/getOrder.go:16.16,18.3 1 1
github.com/jefrryss/go-grpc-microservices/OrderService/internal/service/order/getOrder.go:20.2,20.19 1 1
github.com/jefrryss/go-grpc-microservices/OrderService/internal/service/order/payOrder.go:11.129,12.34 1 6
github.com/jefrryss/go-grpc-microservices/OrderService/internal/service/order/payOrder.go:12.34,14.3 1 1
github.com/jefrryss/go-grpc-microservices/OrderService/internal/service/order/payOrder.go:16.2,17.16 2 5
github.com/jefrryss/go-grpc-microservices/OrderService/internal/service/order/payOrder.go:17.16,19.3 1 1
github.com/jefrryss/go-grpc-microservices/OrderService/internal/service/order/payOrder.go:20.2,20.53 1 4
github.com/jefrryss/go-grpc-microservices/OrderService/internal/service/order/payOrder.go:20.53,22.3 1 1
github.com/jefrryss/go-grpc-microservices/OrderService/internal/service/order/payOrder.go:23.2,24.16 2 3
github.com/jefrryss/go-grpc-microservices/OrderService/internal/service/order/payOrder.go:24.16,26.3 1 1
github.com/jefrryss/go-grpc-microservices/OrderService/internal/service/order/payOrder.go:28.2,34.16 6 2
github.com/jefrryss/go-grpc-microservices/OrderService/internal/service/order/payOrder.go:34.16,36.3 1 1
github.com/jefrryss/go-grpc-microservices/OrderService/internal/service/order/payOrder.go:38.2,38.21 1 1
github.com/jefrryss/go-grpc-microservices/OrderService/internal/service/order/service.go:18.146,24.2 1 19
github.com/jefrryss/go-grpc-microservices/OrderService/internal/repository/order/getOrder.go:11.96,15.44 3 0
github.com/jefrryss/go-grpc-microservices/OrderService/internal/repository/order/getOrder.go:15.44,17.25 2 0
github.com/jefrryss/go-grpc-microservices/OrderService/internal/repository/order/getOrder.go:17.25,19.4 1 0
github.com/jefrryss/go-grpc-microservices/OrderService/internal/repository/order/getOrder.go:22.2,22.47 1 0
github.com/jefrryss/go-grpc-microservices/OrderService/internal/repository/order/repository.go:18.36,22.2 1 0
github.com/jefrryss/go-grpc-microservices/OrderService/internal/repository/order/setOrder.go:10.79,16.22 4 0
github.com/jefrryss/go-grpc-microservices/OrderService/internal/repository/order/setOrder.go:16.22,18.3 1 0
github.com/jefrryss/go-grpc-microservices/OrderService/internal/repository/order/setOrder.go:19.2,19.12 1 0
github.com/jefrryss/go-grpc-microservices/OrderService/internal/repository/converter/order.go:9.55,10.18 1 0
github.com/jefrryss/go-grpc-microservices/OrderService/internal/repository/converter/order.go:10.18,12.3 1 0
github.com/jefrryss/go-grpc-microservices/OrderService/internal/repository/converter/order.go:14.2,15.26 2 0
github.com/jefrryss/go-grpc-microservices/OrderService/internal/repository/converter/order.go:15.26,18.3 2 0
github.com/jefrryss/go-grpc-microservices/OrderService/internal/repository/converter/order.go:20.2,30.3 1 0
github.com/jefrryss/go-grpc-microservices/OrderService/internal/repository/converter/order.go:33.61,34.22 1 0
github.com/jefrryss/go-grpc-microservices/OrderService/internal/repository/converter/order.go:34.22,36.3 1 0
github.com/jefrryss/go-grpc-microservices/OrderService/internal/repository/converter/order.go:38.2,39.30 2 0
github.com/jefrryss/go-grpc-microservices/OrderService/internal/repository/converter/order.go:39.30,42.3 2 0
github.com/jefrryss/go-grpc-microservices/OrderService/internal/repository/converter/order.go:44.2,54.3 1 0
github.com/jefrryss/go-grpc-microservices/OrderService/internal/api/order/v1/cancelOrder.go:14.129,15.34 1 0
github.com/jefrryss/go-grpc-microservices/OrderService/internal/api/order/v1/cancelOrder.go:15.34,17.3 1 0
github.com/jefrryss/go-grpc-microservices/OrderService/internal/api/order/v1/cancelOrder.go:19.2,19.30 1 0
github.com/jefrryss/go-grpc-microservices/OrderService/internal/api/order/v1/cancelOrder.go:19.30,21.3 1 0
github.com/jefrryss/go-grpc-microservices/OrderService/internal/api/order/v1/cancelOrder.go:23.2,24.16 2 0
github.com/jefrryss/go-grpc-microservices/OrderService/internal/api/order/v1/cancelOrder.go:24.16,26.3 1 0
github.com/jefrryss/go-grpc-microservices/OrderService/internal/api/order/v1/cancelOrder.go:27.2,28.16 2 0
github.com/jefrryss/go-grpc-microservices/OrderService/internal/api/order/v1/cancelOrder.go:28.16,29.45 1 0
github.com/jefrryss/go-grpc-microservices/OrderService/internal/api/order/v1/cancelOrder.go:29.45,31.4 1 0
github.com/jefrryss/go-grpc-microservices/OrderService/internal/api/order/v1/cancelOrder.go:32.3,32.54 1 0
github.com/jefrryss/go-grpc-microservices/OrderService/internal/api/order/v1/cancelOrder.go:32.54,34.4 1 0
github.com/jefrryss/go-grpc-microservices/OrderService/internal/api/order/v1/cancelOrder.go:35.3,35.79 1 0
github.com/jefrryss/go-grpc-microservices/OrderService/internal/api/order/v1/cancelOrder.go:38.2,38.45 1 0
github.com/jefrryss/go-grpc-microservices/OrderService/internal/api/order/v1/createOrder.go:12.133,13.34 1 0
github.com/jefrryss/go-grpc-microservices/OrderService/internal/api/order/v1/createOrder.go:13.34,15.3 1 0
github.com/jefrryss/go-grpc-microservices/OrderService/internal/api/order/v1/createOrder.go:17.2,17.33 1 0
github.com/jefrryss/go-grpc-microservices/OrderService/internal/api/order/v1/createOrder.go:17.33,19.3 1 0
github.com/jefrryss/go-grpc-microservices/OrderService/internal/api/order/v1/createOrder.go:21.2,21.38 1 0
github.com/jefrryss/go-grpc-microservices/OrderService/internal/api/order/v1/createOrder.go:21.38,23.3 1 0
github.com/jefrryss/go-grpc-microservices/OrderService/internal/api/order/v1/createOrder.go:24.2,25.16 2 0
github.com/jefrryss/go-grpc-microservices/OrderService/internal/api/order/v1/createOrder.go:25.16,27.3 1 0
github.com/jefrryss/go-grpc-microservices/OrderService/internal/api/order/v1/createOrder.go:28.2,29.49 2 0
github.com/jefrryss/go-grpc-microservices/OrderService/internal/api/order/v1/createOrder.go:29.49,31.17 2 0
github.com/jefrryss/go-grpc-microservices/OrderService/internal/api/order/v1/createOrder.go:31.17,33.4 1 0
github.com/jefrryss/go-grpc-microservices/OrderService/internal/api/order/v1/createOrder.go:34.3,34.38 1 0
github.com/jefrryss/go-grpc-microservices/OrderService/internal/api/order/v1/createOrder.go:36.2,37.16 2 0
github.com/jefrryss/go-grpc-microservices/OrderService/internal/api/order/v1/createOrder.go:37.16,39.3 1 0
github.com/jefrryss/go-grpc-microservices/OrderService/internal/api/order/v1/createOrder.go:41.2,41.93 1 0
github.com/jefrryss/go-grpc-microservices/OrderService/internal/api/order/v1/getOrder.go:13.138,14.34 1 0
github.com/jefrryss/go-grpc-microservices/OrderService/internal/api/order/v1/getOrder.go:14.34,16.3 1 0
github.com/jefrryss/go-grpc-microservices/OrderService/internal/api/order/v1/getOrder.go:18.2,18.30 1 0
github.com/jefrryss/go-grpc-microservices/OrderService/internal/api/order/v1/getOrder.go:18.30,20.3 1 0
github.com/jefrryss/go-grpc-microservices/OrderService/internal/api/order/v1/getOrder.go:21.2,22.16 2 0
github.com/jefrryss/go-grpc-microservices/OrderService/internal/api/order/v1/getOrder.go:22.16,24.3 1 0
github.com/jefrryss/go-grpc-microservices/OrderService/internal/api/order/v1/getOrder.go:25.2,26.16 2 0
github.com/jefrryss/go-grpc-microservices/OrderService/internal/api/order/v1/getOrder.go:26.16,28.3 1 0
github.com/jefrryss/go-grpc-microservices/OrderService/internal/api/order/v1/getOrder.go:30.2,32.8 1 0
github.com/jefrryss/go-grpc-microservices/OrderService/internal/api/order/v1/payOrder.go:13.120,14.34 1 0
github.com/jefrryss/go-grpc-microservices/OrderService/internal/api/order/v1/payOrder.go:14.34,16.3 1 0
github.com/jefrryss/go-grpc-microservices/OrderService/internal/api/order/v1/payOrder.go:18.2,18.30 1 0
github.com/jefrryss/go-grpc-microservices/OrderService/internal/api/order/v1/payOrder.go:18.30,20.3 1 0
github.com/jefrryss/go-grpc-microservices/OrderService/internal/api/order/v1/payOrder.go:22.2,22.72 1 0
github.com/jefrryss/go-grpc-microservices/OrderService/internal/api/order/v1/payOrder.go:22.72,24.3 1 0
github.com/jefrryss/go-grpc-microservices/OrderService/internal/api/order/v1/payOrder.go:25.2,26.16 2 0
github.com/jefrryss/go-grpc-microservices/OrderService/internal/api/order/v1/payOrder.go:26.16,28.3 1 0
github.com/jefrryss/go-grpc-microservices/OrderService/internal/api/order/v1/payOrder.go:29.2,31.16 3 0
github.com/jefrryss/go-grpc-microservices/OrderService/internal/api/order/v1/payOrder.go:31.16,33.3 1 0
github.com/jefrryss/go-grpc-microservices/OrderService/internal/api/order/v1/payOrder.go:34.2,34.75 1 0
github.com/jefrryss/go-grpc-microservices/OrderService/internal/api/order/v1/server.go:13.55,17.2 1 0
