mode: atomic
github.com/jefrryss/go-grpc-microservices/PaymentService/internal/api/payment/v1/payOrder.go:15.126,17.16 2 0
github.com/jefrryss/go-grpc-microservices/PaymentService/internal/api/payment/v1/payOrder.go:17.16,19.3 1 0
github.com/jefrryss/go-grpc-microservices/PaymentService/internal/api/payment/v1/payOrder.go:20.2,20.27 1 0
github.com/jefrryss/go-grpc-microservices/PaymentService/internal/api/payment/v1/payOrder.go:20.27,22.3 1 0
github.com/jefrryss/go-grpc-microservices/PaymentService/internal/api/payment/v1/payOrder.go:24.2,25.16 2 0
github.com/jefrryss/go-grpc-microservices/PaymentService/internal/api/payment/v1/payOrder.go:25.16,27.3 1 0
github.com/jefrryss/go-grpc-microservices/PaymentService/internal/api/payment/v1/payOrder.go:28.2,28.26 1 0
github.com/jefrryss/go-grpc-microservices/PaymentService/internal/api/payment/v1/payOrder.go:28.26,30.3 1 0
github.com/jefrryss/go-grpc-microservices/PaymentService/internal/api/payment/v1/payOrder.go:32.2,33.16 2 0
github.com/jefrryss/go-grpc-microservices/PaymentService/internal/api/payment/v1/payOrder.go:33.16,34.52 1 0
github.com/jefrryss/go-grpc-microservices/PaymentService/internal/api/payment/v1/payOrder.go:34.52,36.4 1 0
github.com/jefrryss/go-grpc-microservices/PaymentService/internal/api/payment/v1/payOrder.go:37.3,37.82 1 0
github.com/jefrryss/go-grpc-microservices/PaymentService/internal/api/payment/v1/payOrder.go:40.2,41.16 2 0
github.com/jefrryss/go-grpc-microservices/PaymentService/internal/api/payment/v1/payOrder.go:41.16,43.3 1 0
github.com/jefrryss/go-grpc-microservices/PaymentService/internal/api/payment/v1/payOrder.go:45.2,47.8 1 0
github.com/jefrryss/go-grpc-microservices/PaymentService/internal/api/payment/v1/server.go:13.63,17.2 1 0
github.com/jefrryss/go-grpc-microservices/PaymentService/internal/service/payment/createTranc.go:11.150,12.34 1 4
github.com/jefrryss/go-grpc-microservices/PaymentService/internal/service/payment/createTranc.go:12.34,14.3 1 0
github.com/jefrryss/go-grpc-microservices/PaymentService/internal/service/payment/createTranc.go:15.2,15.27 1 4
github.com/jefrryss/go-grpc-microservices/PaymentService/internal/service/payment/createTranc.go:15.27,17.3 1 1
github.com/jefrryss/go-grpc-microservices/PaymentService/internal/service/payment/createTranc.go:18.2,18.26 1 3
github.com/jefrryss/go-grpc-microservices/PaymentService/internal/service/payment/createTranc.go:18.26,20.3 1 1
github.com/jefrryss/go-grpc-microservices/PaymentService/internal/service/payment/createTranc.go:21.2,24.23 3 2
github.com/jefrryss/go-grpc-microservices/PaymentService/internal/service/payment/payment.go:9.42,11.2 1 4
github.com/jefrryss/go-grpc-microservices/PaymentService/internal/api/payment/v1/payOrder.go:15.126,17.16 2 8
github.com/jefrryss/go-grpc-microservices/PaymentService/internal/api/payment/v1/payOrder.go:17.16,19.3 1 1
github.com/jefrryss/go-grpc-microservices/PaymentService/internal/api/payment/v1/payOrder.go:20.2,20.27 1 7
github.com/jefrryss/go-grpc-microservices/PaymentService/internal/api/payment/v1/payOrder.go:20.27,22.3 1 1
github.com/jefrryss/go-grpc-microservices/PaymentService/internal/api/payment/v1/payOrder.go:24.2,25.16 2 6
github.com/jefrryss/go-grpc-microservices/PaymentService/internal/api/payment/v1/payOrder.go:25.16,27.3 1 1
github.com/jefrryss/go-grpc-microservices/PaymentService/internal/api/payment/v1/payOrder.go:28.2,28.26 1 5
github.com/jefrryss/go-grpc-microservices/PaymentService/internal/api/payment/v1/payOrder.go:28.26,30.3 1 1
github.com/jefrryss/go-grpc-microservices/PaymentService/internal/api/payment/v1/payOrder.go:32.2,33.16 2 4
github.com/jefrryss/go-grpc-microservices/PaymentService/internal/api/payment/v1/payOrder.go:33.16,34.52 1 2
github.com/jefrryss/go-grpc-microservices/PaymentService/internal/api/payment/v1/payOrder.go:34.52,36.4 1 2
github.com/jefrryss/go-grpc-microservices/PaymentService/internal/api/payment/v1/payOrder.go:37.3,37.82 1 0
github.com/jefrryss/go-grpc-microservices/PaymentService/internal/api/payment/v1/payOrder.go:40.2,41.16 2 2
github.com/jefrryss/go-grpc-microservices/PaymentService/internal/api/payment/v1/payOrder.go:41.16,43.3 1 1
github.com/jefrryss/go-grpc-microservices/PaymentService/internal/api/payment/v1/payOrder.go:45.2,47.8 1 1
github.com/jefrryss/go-grpc-microservices/PaymentService/internal/api/payment/v1/server.go:13.63,17.2 1 8
github.com/jefrryss/go-grpc-microservices/PaymentService/internal/service/payment/createTranc.go:11.150,12.34 1 0
github.com/jefrryss/go-grpc-microservices/PaymentService/internal/service/payment/createTranc.go:12.34,14.3 1 0
github.com/jefrryss/go-grpc-microservices/PaymentService/internal/service/payment/createTranc.go:15.2,15.27 1 0
github.com/jefrryss/go-grpc-microservices/PaymentService/internal/service/payment/createTranc.go:15.27,17.3 1 0
github.com/jefrryss/go-grpc-microservices/PaymentService/internal/service/payment/createTranc.go:18.2,18.26 1 0
github.com/jefrryss/go-grpc-microservices/PaymentService/internal/service/payment/createTranc.go:18.26,20.3 1 0
github.com/jefrryss/go-grpc-microservices/PaymentService/internal/service/payment/createTranc.go:21.2,24.23 3 0
github.com/jefrryss/go-grpc-microservices/PaymentService/internal/service/payment/payment.go:9.42,11.2 1 0
