mode: atomic
github.com/jefrryss/go-grpc-microservices/InventoryService/internal/api/inventory/v1/getPart.go:13.129,15.16 2 0
github.com/jefrryss/go-grpc-microservices/InventoryService/internal/api/inventory/v1/getPart.go:15.16,17.3 1 0
github.com/jefrryss/go-grpc-microservices/InventoryService/internal/api/inventory/v1/getPart.go:19.2,20.16 2 0
github.com/jefrryss/go-grpc-microservices/InventoryService/internal/api/inventory/v1/getPart.go:20.16,22.3 1 0
github.com/jefrryss/go-grpc-microservices/InventoryService/internal/api/inventory/v1/getPart.go:24.2,25.16 2 0
github.com/jefrryss/go-grpc-microservices/InventoryService/internal/api/inventory/v1/getPart.go:25.16,27.3 1 0
github.com/jefrryss/go-grpc-microservices/InventoryService/internal/api/inventory/v1/getPart.go:29.2,29.60 1 0
github.com/jefrryss/go-grpc-microservices/InventoryService/internal/api/inventory/v1/listParts.go:12.135,14.16 2 0
github.com/jefrryss/go-grpc-microservices/InventoryService/internal/api/inventory/v1/listParts.go:14.16,16.3 1 0
github.com/jefrryss/go-grpc-microservices/InventoryService/internal/api/inventory/v1/listParts.go:18.2,19.16 2 0
github.com/jefrryss/go-grpc-microservices/InventoryService/internal/api/inventory/v1/listParts.go:19.16,21.3 1 0
github.com/jefrryss/go-grpc-microservices/InventoryService/internal/api/inventory/v1/listParts.go:23.2,24.28 2 0
github.com/jefrryss/go-grpc-microservices/InventoryService/internal/api/inventory/v1/listParts.go:24.28,26.17 2 0
github.com/jefrryss/go-grpc-microservices/InventoryService/internal/api/inventory/v1/listParts.go:26.17,28.4 1 0
github.com/jefrryss/go-grpc-microservices/InventoryService/internal/api/inventory/v1/listParts.go:29.3,29.49 1 0
github.com/jefrryss/go-grpc-microservices/InventoryService/internal/api/inventory/v1/listParts.go:32.2,32.66 1 0
github.com/jefrryss/go-grpc-microservices/InventoryService/internal/api/inventory/v1/server.go:19.63,23.2 1 0
github.com/jefrryss/go-grpc-microservices/InventoryService/internal/api/inventory/v1/server.go:25.32,26.16 1 0
github.com/jefrryss/go-grpc-microservices/InventoryService/internal/api/inventory/v1/server.go:26.16,28.3 1 0
github.com/jefrryss/go-grpc-microservices/InventoryService/internal/api/inventory/v1/server.go:30.2,30.39 1 0
github.com/jefrryss/go-grpc-microservices/InventoryService/internal/api/inventory/v1/server.go:30.39,32.3 1 0
github.com/jefrryss/go-grpc-microservices/InventoryService/internal/api/inventory/v1/server.go:34.2,34.88 1 0
github.com/jefrryss/go-grpc-microservices/InventoryService/internal/api/inventory/v1/server.go:34.88,36.3 1 0
github.com/jefrryss/go-grpc-microservices/InventoryService/internal/api/inventory/v1/server.go:38.2,38.72 1 0
github.com/jefrryss/go-grpc-microservices/InventoryService/internal/repository/converter/part.go:11.81,12.17 1 0
github.com/jefrryss/go-grpc-microservices/InventoryService/internal/repository/converter/part.go:12.17,14.3 1 0
github.com/jefrryss/go-grpc-microservices/InventoryService/internal/repository/converter/part.go:16.2,17.26 2 0
github.com/jefrryss/go-grpc-microservices/InventoryService/internal/repository/converter/part.go:17.26,19.17 2 0
github.com/jefrryss/go-grpc-microservices/InventoryService/internal/repository/converter/part.go:19.17,21.4 1 0
github.com/jefrryss/go-grpc-microservices/InventoryService/internal/repository/converter/part.go:22.3,22.24 1 0
github.com/jefrryss/go-grpc-microservices/InventoryService/internal/repository/converter/part.go:25.2,45.22 2 0
github.com/jefrryss/go-grpc-microservices/InventoryService/internal/repository/converter/part.go:48.81,49.17 1 5
github.com/jefrryss/go-grpc-microservices/InventoryService/internal/repository/converter/part.go:49.17,51.3 1 0
github.com/jefrryss/go-grpc-microservices/InventoryService/internal/repository/converter/part.go:53.2,54.28 2 5
github.com/jefrryss/go-grpc-microservices/InventoryService/internal/repository/converter/part.go:54.28,55.66 1 2
github.com/jefrryss/go-grpc-microservices/InventoryService/internal/repository/converter/part.go:55.66,57.4 1 2
github.com/jefrryss/go-grpc-microservices/InventoryService/internal/repository/converter/part.go:60.2,83.23 2 3
github.com/jefrryss/go-grpc-microservices/InventoryService/internal/repository/part/getAll.go:11.73,17.29 4 3
github.com/jefrryss/go-grpc-microservices/InventoryService/internal/repository/part/getAll.go:17.29,19.17 2 3
github.com/jefrryss/go-grpc-microservices/InventoryService/internal/repository/part/getAll.go:19.17,21.4 1 1
github.com/jefrryss/go-grpc-microservices/InventoryService/internal/repository/part/getAll.go:22.3,22.29 1 2
github.com/jefrryss/go-grpc-microservices/InventoryService/internal/repository/part/getAll.go:24.2,24.17 1 2
github.com/jefrryss/go-grpc-microservices/InventoryService/internal/repository/part/getById.go:11.86,15.31 3 3
github.com/jefrryss/go-grpc-microservices/InventoryService/internal/repository/part/getById.go:15.31,17.17 2 2
github.com/jefrryss/go-grpc-microservices/InventoryService/internal/repository/part/getById.go:17.17,19.4 1 1
github.com/jefrryss/go-grpc-microservices/InventoryService/internal/repository/part/getById.go:20.3,20.20 1 1
github.com/jefrryss/go-grpc-microservices/InventoryService/internal/repository/part/getById.go:22.2,22.31 1 1
github.com/jefrryss/go-grpc-microservices/InventoryService/internal/repository/part/repository.go:18.34,23.2 2 6
github.com/jefrryss/go-grpc-microservices/InventoryService/internal/service/filter/allowedFeatures.go:8.118,10.20 1 0
github.com/jefrryss/go-grpc-microservices/InventoryService/internal/service/filter/allowedFeatures.go:10.20,12.3 1 0
github.com/jefrryss/go-grpc-microservices/InventoryService/internal/service/filter/allowedFeatures.go:14.2,18.28 4 0
github.com/jefrryss/go-grpc-microservices/InventoryService/internal/service/filter/allowedFeatures.go:18.28,19.37 1 0
github.com/jefrryss/go-grpc-microservices/InventoryService/internal/service/filter/allowedFeatures.go:19.37,21.4 1 0
github.com/jefrryss/go-grpc-microservices/InventoryService/internal/service/filter/allowedFeatures.go:23.2,23.28 1 0
github.com/jefrryss/go-grpc-microservices/InventoryService/internal/service/filter/allowedFeatures.go:23.28,24.37 1 0
github.com/jefrryss/go-grpc-microservices/InventoryService/internal/service/filter/allowedFeatures.go:24.37,26.4 1 0
github.com/jefrryss/go-grpc-microservices/InventoryService/internal/service/filter/allowedFeatures.go:28.2,28.27 1 0
github.com/jefrryss/go-grpc-microservices/InventoryService/internal/service/filter/allowedFeatures.go:28.27,29.36 1 0
github.com/jefrryss/go-grpc-microservices/InventoryService/internal/service/filter/allowedFeatures.go:29.36,31.4 1 0
github.com/jefrryss/go-grpc-microservices/InventoryService/internal/service/filter/allowedFeatures.go:33.2,33.35 1 0
github.com/jefrryss/go-grpc-microservices/InventoryService/internal/service/filter/filter.go:18.65,26.2 2 0
github.com/jefrryss/go-grpc-microservices/InventoryService/internal/service/filter/filter.go:28.61,29.27 1 0
github.com/jefrryss/go-grpc-microservices/InventoryService/internal/service/filter/filter.go:29.27,31.3 1 0
github.com/jefrryss/go-grpc-microservices/InventoryService/internal/service/filter/filter.go:32.2,32.28 1 0
github.com/jefrryss/go-grpc-microservices/InventoryService/internal/service/filter/filter.go:32.28,34.3 1 0
github.com/jefrryss/go-grpc-microservices/InventoryService/internal/service/filter/filter.go:35.2,35.27 1 0
github.com/jefrryss/go-grpc-microservices/InventoryService/internal/service/filter/filter.go:35.27,37.3 1 0
github.com/jefrryss/go-grpc-microservices/InventoryService/internal/service/filter/filter.go:38.2,38.31 1 0
github.com/jefrryss/go-grpc-microservices/InventoryService/internal/service/filter/filter.go:38.31,40.3 1 0
github.com/jefrryss/go-grpc-microservices/InventoryService/internal/service/filter/filter.go:41.2,41.30 1 0
github.com/jefrryss/go-grpc-microservices/InventoryService/internal/service/filter/filter.go:41.30,43.3 1 0
github.com/jefrryss/go-grpc-microservices/InventoryService/internal/service/filter/filter.go:44.2,44.13 1 0
github.com/jefrryss/go-grpc-microservices/InventoryService/internal/service/filter/filterByCategory.go:5.67,6.56 1 0
github.com/jefrryss/go-grpc-microservices/InventoryService/internal/service/filter/filterByCategory.go:6.56,8.3 1 0
github.com/jefrryss/go-grpc-microservices/InventoryService/internal/service/filter/filterByCategory.go:10.2,10.56 1 0
github.com/jefrryss/go-grpc-microservices/InventoryService/internal/service/filter/filterByCategory.go:10.56,12.56 1 0
github.com/jefrryss/go-grpc-microservices/InventoryService/internal/service/filter/filterByCategory.go:12.56,14.4 1 0
github.com/jefrryss/go-grpc-microservices/InventoryService/internal/service/filter/filterByCategory.go:16.2,16.14 1 0
github.com/jefrryss/go-grpc-microservices/InventoryService/internal/service/filter/filterByCountry.go:5.66,6.55 1 0
github.com/jefrryss/go-grpc-microservices/InventoryService/internal/service/filter/filterByCountry.go:6.55,8.3 1 0
github.com/jefrryss/go-grpc-microservices/InventoryService/internal/service/filter/filterByCountry.go:10.2,10.46 1 0
github.com/jefrryss/go-grpc-microservices/InventoryService/internal/service/filter/filterByCountry.go:10.46,11.43 1 0
github.com/jefrryss/go-grpc-microservices/InventoryService/internal/service/filter/filterByCountry.go:11.43,13.4 1 0
github.com/jefrryss/go-grpc-microservices/InventoryService/internal/service/filter/filterByCountry.go:15.2,15.14 1 0
github.com/jefrryss/go-grpc-microservices/InventoryService/internal/service/filter/filterByNames.go:5.64,6.30 1 0
github.com/jefrryss/go-grpc-microservices/InventoryService/internal/service/filter/filterByNames.go:6.30,8.3 1 0
github.com/jefrryss/go-grpc-microservices/InventoryService/internal/service/filter/filterByNames.go:9.2,10.11 2 0
github.com/jefrryss/go-grpc-microservices/InventoryService/internal/service/filter/filterByTags.go:5.63,6.29 1 0
github.com/jefrryss/go-grpc-microservices/InventoryService/internal/service/filter/filterByTags.go:6.29,8.3 1 0
github.com/jefrryss/go-grpc-microservices/InventoryService/internal/service/filter/filterByTags.go:9.2,9.32 1 0
github.com/jefrryss/go-grpc-microservices/InventoryService/internal/service/filter/filterByTags.go:9.32,10.38 1 0
github.com/jefrryss/go-grpc-microservices/InventoryService/internal/service/filter/filterByTags.go:10.38,12.4 1 0
github.com/jefrryss/go-grpc-microservices/InventoryService/internal/service/filter/filterByTags.go:14.2,14.14 1 0
github.com/jefrryss/go-grpc-microservices/InventoryService/internal/service/filter/filterByUuid.go:5.63,6.30 1 0
github.com/jefrryss/go-grpc-microservices/InventoryService/internal/service/filter/filterByUuid.go:6.30,8.3 1 0
github.com/jefrryss/go-grpc-microservices/InventoryService/internal/service/filter/filterByUuid.go:10.2,11.11 2 0
github.com/jefrryss/go-grpc-microservices/InventoryService/internal/service/part/getPart.go:10.92,11.34 1 0
github.com/jefrryss/go-grpc-microservices/InventoryService/internal/service/part/getPart.go:11.34,13.3 1 0
github.com/jefrryss/go-grpc-microservices/InventoryService/internal/service/part/getPart.go:14.2,14.20 1 0
github.com/jefrryss/go-grpc-microservices/InventoryService/internal/service/part/getPart.go:14.20,16.3 1 0
github.com/jefrryss/go-grpc-microservices/InventoryService/internal/service/part/getPart.go:17.2,18.16 2 0
github.com/jefrryss/go-grpc-microservices/InventoryService/internal/service/part/getPart.go:18.16,20.3 1 0
github.com/jefrryss/go-grpc-microservices/InventoryService/internal/service/part/getPart.go:21.2,21.17 1 0
github.com/jefrryss/go-grpc-microservices/InventoryService/internal/service/part/getPart.go:21.17,23.3 1 0
github.com/jefrryss/go-grpc-microservices/InventoryService/internal/service/part/getPart.go:24.2,24.18 1 0
github.com/jefrryss/go-grpc-microservices/InventoryService/internal/service/part/listParts.go:11.105,12.34 1 0
github.com/jefrryss/go-grpc-microservices/InventoryService/internal/service/part/listParts.go:12.34,14.3 1 0
github.com/jefrryss/go-grpc-microservices/InventoryService/internal/service/part/listParts.go:15.2,16.16 2 0
github.com/jefrryss/go-grpc-microservices/InventoryService/internal/service/part/listParts.go:16.16,18.3 1 0
github.com/jefrryss/go-grpc-microservices/InventoryService/internal/service/part/listParts.go:19.2,22.32 3 0
github.com/jefrryss/go-grpc-microservices/InventoryService/internal/service/part/listParts.go:22.32,23.29 1 0
github.com/jefrryss/go-grpc-microservices/InventoryService/internal/service/part/listParts.go:23.29,25.4 1 0
github.com/jefrryss/go-grpc-microservices/InventoryService/internal/service/part/listParts.go:27.2,27.17 1 0
github.com/jefrryss/go-grpc-microservices/InventoryService/internal/service/part/service.go:14.69,18.2 1 0
github.com/jefrryss/go-grpc-microservices/InventoryService/internal/api/inventory/v1/getPart.go:13.129,15.16 2 6
github.com/jefrryss/go-grpc-microservices/InventoryService/internal/api/inventory/v1/getPart.go:15.16,17.3 1 1
github.com/jefrryss/go-grpc-microservices/InventoryService/internal/api/inventory/v1/getPart.go:19.2,20.16 2 5
github.com/jefrryss/go-grpc-microservices/InventoryService/internal/api/inventory/v1/getPart.go:20.16,22.3 1 3
github.com/jefrryss/go-grpc-microservices/InventoryService/internal/api/inventory/v1/getPart.go:24.2,25.16 2 2
github.com/jefrryss/go-grpc-microservices/InventoryService/internal/api/inventory/v1/getPart.go:25.16,27.3 1 1
github.com/jefrryss/go-grpc-microservices/InventoryService/internal/api/inventory/v1/getPart.go:29.2,29.60 1 1
github.com/jefrryss/go-grpc-microservices/InventoryService/internal/api/inventory/v1/listParts.go:12.135,14.16 2 7
github.com/jefrryss/go-grpc-microservices/InventoryService/internal/api/inventory/v1/listParts.go:14.16,16.3 1 1
github.com/jefrryss/go-grpc-microservices/InventoryService/internal/api/inventory/v1/listParts.go:18.2,19.16 2 6
github.com/jefrryss/go-grpc-microservices/InventoryService/internal/api/inventory/v1/listParts.go:19.16,21.3 1 3
github.com/jefrryss/go-grpc-microservices/InventoryService/internal/api/inventory/v1/listParts.go:23.2,24.28 2 3
github.com/jefrryss/go-grpc-microservices/InventoryService/internal/api/inventory/v1/listParts.go:24.28,26.17 2 2
github.com/jefrryss/go-grpc-microservices/InventoryService/internal/api/inventory/v1/listParts.go:26.17,28.4 1 0
github.com/jefrryss/go-grpc-microservices/InventoryService/internal/api/inventory/v1/listParts.go:29.3,29.49 1 2
github.com/jefrryss/go-grpc-microservices/InventoryService/internal/api/inventory/v1/listParts.go:32.2,32.66 1 3
github.com/jefrryss/go-grpc-microservices/InventoryService/internal/api/inventory/v1/server.go:19.63,23.2 1 13
github.com/jefrryss/go-grpc-microservices/InventoryService/internal/api/inventory/v1/server.go:25.32,26.16 1 6
github.com/jefrryss/go-grpc-microservices/InventoryService/internal/api/inventory/v1/server.go:26.16,28.3 1 0
github.com/jefrryss/go-grpc-microservices/InventoryService/internal/api/inventory/v1/server.go:30.2,30.39 1 6
github.com/jefrryss/go-grpc-microservices/InventoryService/internal/api/inventory/v1/server.go:30.39,32.3 1 2
github.com/jefrryss/go-grpc-microservices/InventoryService/internal/api/inventory/v1/server.go:34.2,34.88 1 4
github.com/jefrryss/go-grpc-microservices/InventoryService/internal/api/inventory/v1/server.go:34.88,36.3 1 4
github.com/jefrryss/go-grpc-microservices/InventoryService/internal/api/inventory/v1/server.go:38.2,38.72 1 0
github.com/jefrryss/go-grpc-microservices/InventoryService/internal/repository/converter/part.go:11.81,12.17 1 0
github.com/jefrryss/go-grpc-microservices/InventoryService/internal/repository/converter/part.go:12.17,14.3 1 0
github.com/jefrryss/go-grpc-microservices/InventoryService/internal/repository/converter/part.go:16.2,17.26 2 0
github.com/jefrryss/go-grpc-microservices/InventoryService/internal/repository/converter/part.go:17.26,19.17 2 0
github.com/jefrryss/go-grpc-microservices/InventoryService/internal/repository/converter/part.go:19.17,21.4 1 0
github.com/jefrryss/go-grpc-microservices/InventoryService/internal/repository/converter/part.go:22.3,22.24 1 0
github.com/jefrryss/go-grpc-microservices/InventoryService/internal/repository/converter/part.go:25.2,45.22 2 0
github.com/jefrryss/go-grpc-microservices/InventoryService/internal/repository/converter/part.go:48.81,49.17 1 0
github.com/jefrryss/go-grpc-microservices/InventoryService/internal/repository/converter/part.go:49.17,51.3 1 0
github.com/jefrryss/go-grpc-microservices/InventoryService/internal/repository/converter/part.go:53.2,54.28 2 0
github.com/jefrryss/go-grpc-microservices/InventoryService/internal/repository/converter/part.go:54.28,55.66 1 0
github.com/jefrryss/go-grpc-microservices/InventoryService/internal/repository/converter/part.go:55.66,57.4 1 0
github.com/jefrryss/go-grpc-microservices/InventoryService/internal/repository/converter/part.go:60.2,83.23 2 0
github.com/jefrryss/go-grpc-microservices/InventoryService/internal/repository/part/getAll.go:11.73,17.29 4 0
github.com/jefrryss/go-grpc-microservices/InventoryService/internal/repository/part/getAll.go:17.29,19.17 2 0
github.com/jefrryss/go-grpc-microservices/InventoryService/internal/repository/part/getAll.go:19.17,21.4 1 0
github.com/jefrryss/go-grpc-microservices/InventoryService/internal/repository/part/getAll.go:22.3,22.29 1 0
github.com/jefrryss/go-grpc-microservices/InventoryService/internal/repository/part/getAll.go:24.2,24.17 1 0
github.com/jefrryss/go-grpc-microservices/InventoryService/internal/repository/part/getById.go:11.86,15.31 3 0
github.com/jefrryss/go-grpc-microservices/InventoryService/internal/repository/part/getById.go:15.31,17.17 2 0
github.com/jefrryss/go-grpc-microservices/InventoryService/internal/repository/part/getById.go:17.17,19.4 1 0
github.com/jefrryss/go-grpc-microservices/InventoryService/internal/repository/part/getById.go:20.3,20.20 1 0
github.com/jefrryss/go-grpc-microservices/InventoryService/internal/repository/part/getById.go:22.2,22.31 1 0
github.com/jefrryss/go-grpc-microservices/InventoryService/internal/repository/part/repository.go:18.34,23.2 2 0
github.com/jefrryss/go-grpc-microservices/InventoryService/internal/service/filter/allowedFeatures.go:8.118,10.20 1 0
github.com/jefrryss/go-grpc-microservices/InventoryService/internal/service/filter/allowedFeatures.go:10.20,12.3 1 0
github.com/jefrryss/go-grpc-microservices/InventoryService/internal/service/filter/allowedFeatures.go:14.2,18.28 4 0
github.com/jefrryss/go-grpc-microservices/InventoryService/internal/service/filter/allowedFeatures.go:18.28,19.37 1 0
github.com/jefrryss/go-grpc-microservices/InventoryService/internal/service/filter/allowedFeatures.go:19.37,21.4 1 0
github.com/jefrryss/go-grpc-microservices/InventoryService/internal/service/filter/allowedFeatures.go:23.2,23.28 1 0
github.com/jefrryss/go-grpc-microservices/InventoryService/internal/service/filter/allowedFeatures.go:23.28,24.37 1 0
github.com/jefrryss/go-grpc-microservices/InventoryService/internal/service/filter/allowedFeatures.go:24.37,26.4 1 0
github.com/jefrryss/go-grpc-microservices/InventoryService/internal/service/filter/allowedFeatures.go:28.2,28.27 1 0
github.com/jefrryss/go-grpc-microservices/InventoryService/internal/service/filter/allowedFeatures.go:28.27,29.36 1 0
github.com/jefrryss/go-grpc-microservices/InventoryService/internal/service/filter/allowedFeatures.go:29.36,31.4 1 0
github.com/jefrryss/go-grpc-microservices/InventoryService/internal/service/filter/allowedFeatures.go:33.2,33.35 1 0
github.com/jefrryss/go-grpc-microservices/InventoryService/internal/service/filter/filter.go:18.65,26.2 2 0
github.com/jefrryss/go-grpc-microservices/InventoryService/internal/service/filter/filter.go:28.61,29.27 1 0
github.com/jefrryss/go-grpc-microservices/InventoryService/internal/service/filter/filter.go:29.27,31.3 1 0
github.com/jefrryss/go-grpc-microservices/InventoryService/internal/service/filter/filter.go:32.2,32.28 1 0
github.com/jefrryss/go-grpc-microservices/InventoryService/internal/service/filter/filter.go:32.28,34.3 1 0
github.com/jefrryss/go-grpc-microservices/InventoryService/internal/service/filter/filter.go:35.2,35.27 1 0
github.com/jefrryss/go-grpc-microservices/InventoryService/internal/service/filter/filter.go:35.27,37.3 1 0
github.com/jefrryss/go-grpc-microservices/InventoryService/internal/service/filter/filter.go:38.2,38.31 1 0
github.com/jefrryss/go-grpc-microservices/InventoryService/internal/service/filter/filter.go:38.31,40.3 1 0
github.com/jefrryss/go-grpc-microservices/InventoryService/internal/service/filter/filter.go:41.2,41.30 1 0
github.com/jefrryss/go-grpc-microservices/InventoryService/internal/service/filter/filter.go:41.30,43.3 1 0
github.com/jefrryss/go-grpc-microservices/InventoryService/internal/service/filter/filter.go:44.2,44.13 1 0
github.com/jefrryss/go-grpc-microservices/InventoryService/internal/service/filter/filterByCategory.go:5.67,6.56 1 0
github.com/jefrryss/go-grpc-microservices/InventoryService/internal/service/filter/filterByCategory.go:6.56,8.3 1 0
github.com/jefrryss/go-grpc-microservices/InventoryService/internal/service/filter/filterByCategory.go:10.2,10.56 1 0
github.com/jefrryss/go-grpc-microservices/InventoryService/internal/service/filter/filterByCategory.go:10.56,12.56 1 0
github.com/jefrryss/go-grpc-microservices/InventoryService/internal/service/filter/filterByCategory.go:12.56,14.4 1 0
github.com/jefrryss/go-grpc-microservices/InventoryService/internal/service/filter/filterByCategory.go:16.2,16.14 1 0
github.com/jefrryss/go-grpc-microservices/InventoryService/internal/service/filter/filterByCountry.go:5.66,6.55 1 0
github.com/jefrryss/go-grpc-microservices/InventoryService/internal/service/filter/filterByCountry.go:6.55,8.3 1 0
github.com/jefrryss/go-grpc-microservices/InventoryService/internal/service/filter/filterByCountry.go:10.2,10.46 1 0
github.com/jefrryss/go-grpc-microservices/InventoryService/internal/service/filter/filterByCountry.go:10.46,11.43 1 0
github.com/jefrryss/go-grpc-microservices/InventoryService/internal/service/filter/filterByCountry.go:11.43,13.4 1 0
github.com/jefrryss/go-grpc-microservices/InventoryService/internal/service/filter/filterByCountry.go:15.2,15.14 1 0
github.com/jefrryss/go-grpc-microservices/InventoryService/internal/service/filter/filterByNames.go:5.64,6.30 1 0
github.com/jefrryss/go-grpc-microservices/InventoryService/internal/service/filter/filterByNames.go:6.30,8.3 1 0
github.com/jefrryss/go-grpc-microservices/InventoryService/internal/service/filter/filterByNames.go:9.2,10.11 2 0
github.com/jefrryss/go-grpc-microservices/InventoryService/internal/service/filter/filterByTags.go:5.63,6.29 1 0
github.com/jefrryss/go-grpc-microservices/InventoryService/internal/service/filter/filterByTags.go:6.29,8.3 1 0
github.com/jefrryss/go-grpc-microservices/InventoryService/internal/service/filter/filterByTags.go:9.2,9.32 1 0
github.com/jefrryss/go-grpc-microservices/InventoryService/internal/service/filter/filterByTags.go:9.32,10.38 1 0
github.com/jefrryss/go-grpc-microservices/InventoryService/internal/service/filter/filterByTags.go:10.38,12.4 1 0
github.com/jefrryss/go-grpc-microservices/InventoryService/internal/service/filter/filterByTags.go:14.2,14.14 1 0
github.com/jefrryss/go-grpc-microservices/InventoryService/internal/service/filter/filterByUuid.go:5.63,6.30 1 0
github.com/jefrryss/go-grpc-microservices/InventoryService/internal/service/filter/filterByUuid.go:6.30,8.3 1 0
github.com/jefrryss/go-grpc-microservices/InventoryService/internal/service/filter/filterByUuid.go:10.2,11.11 2 0
github.com/jefrryss/go-grpc-microservices/InventoryService/internal/service/part/getPart.go:10.92,11.34 1 0
github.com/jefrryss/go-grpc-microservices/InventoryService/internal/service/part/getPart.go:11.34,13.3 1 0
github.com/jefrryss/go-grpc-microservices/InventoryService/internal/service/part/getPart.go:14.2,14.20 1 0
github.com/jefrryss/go-grpc-microservices/InventoryService/internal/service/part/getPart.go:14.20,16.3 1 0
github.com/jefrryss/go-grpc-microservices/InventoryService/internal/service/part/getPart.go:17.2,18.16 2 0
github.com/jefrryss/go-grpc-microservices/InventoryService/internal/service/part/getPart.go:18.16,20.3 1 0
github.com/jefrryss/go-grpc-microservices/InventoryService/internal/service/part/getPart.go:21.2,21.17 1 0
github.com/jefrryss/go-grpc-microservices/InventoryService/internal/service/part/getPart.go:21.17,23.3 1 0
github.com/jefrryss/go-grpc-microservices/InventoryService/internal/service/part/getPart.go:24.2,24.18 1 0
github.com/jefrryss/go-grpc-microservices/InventoryService/internal/service/part/listParts.go:11.105,12.34 1 0
github.com/jefrryss/go-grpc-microservices/InventoryService/internal/service/part/listParts.go:12.34,14.3 1 0
github.com/jefrryss/go-grpc-microservices/InventoryService/internal/service/part/listParts.go:15.2,16.16 2 0
github.com/jefrryss/go-grpc-microservices/InventoryService/internal/service/part/listParts.go:16.16,18.3 1 0
github.com/jefrryss/go-grpc-microservices/InventoryService/internal/service/part/listParts.go:19.2,22.32 3 0
github.com/jefrryss/go-grpc-microservices/InventoryService/internal/service/part/listParts.go:22.32,23.29 1 0
github.com/jefrryss/go-grpc-microservices/InventoryService/internal/service/part/listParts.go:23.29,25.4 1 0
github.com/jefrryss/go-grpc-microservices/InventoryService/internal/service/part/listParts.go:27.2,27.17 1 0
github.com/jefrryss/go-grpc-microservices/InventoryService/internal/service/part/service.go:14.69,18.2 1 0
github.com/jefrryss/go-grpc-microservices/InventoryService/internal/api/inventory/v1/getPart.go:13.129,15.16 2 0
github.com/jefrryss/go-grpc-microservices/InventoryService/internal/api/inventory/v1/getPart.go:15.16,17.3 1 0
github.com/jefrryss/go-grpc-microservices/InventoryService/internal/api/inventory/v1/getPart.go:19.2,20.16 2 0
github.com/jefrryss/go-grpc-microservices/InventoryService/internal/api/inventory/v1/getPart.go:20.16,22.3 1 0
github.com/jefrryss/go-grpc-microservices/InventoryService/internal/api/inventory/v1/getPart.go:24.2,25.16 2 0
github.com/jefrryss/go-grpc-microservices/InventoryService/internal/api/inventory/v1/getPart.go:25.16,27.3 1 0
github.com/jefrryss/go-grpc-microservices/InventoryService/internal/api/inventory/v1/getPart.go:29.2,29.60 1 0
github.com/jefrryss/go-grpc-microservices/InventoryService/internal/api/inventory/v1/listParts.go:12.135,14.16 2 0
github.com/jefrryss/go-grpc-microservices/InventoryService/internal/api/inventory/v1/listParts.go:14.16,16.3 1 0
github.com/jefrryss/go-grpc-microservices/InventoryService/internal/api/inventory/v1/listParts.go:18.2,19.16 2 0
github.com/jefrryss/go-grpc-microservices/InventoryService/internal/api/inventory/v1/listParts.go:19.16,21.3 1 0
github.com/jefrryss/go-grpc-microservices/InventoryService/internal/api/inventory/v1/listParts.go:23.2,24.28 2 0
github.com/jefrryss/go-grpc-microservices/InventoryService/internal/api/inventory/v1/listParts.go:24.28,26.17 2 0
github.com/jefrryss/go-grpc-microservices/InventoryService/internal/api/inventory/v1/listParts.go:26.17,28.4 1 0
github.com/jefrryss/go-grpc-microservices/InventoryService/internal/api/inventory/v1/listParts.go:29.3,29.49 1 0
github.com/jefrryss/go-grpc-microservices/InventoryService/internal/api/inventory/v1/listParts.go:32.2,32.66 1 0
github.com/jefrryss/go-grpc-microservices/InventoryService/internal/api/inventory/v1/server.go:19.63,23.2 1 0
github.com/jefrryss/go-grpc-microservices/InventoryService/internal/api/inventory/v1/server.go:25.32,26.16 1 0
github.com/jefrryss/go-grpc-microservices/InventoryService/internal/api/inventory/v1/server.go:26.16,28.3 1 0
github.com/jefrryss/go-grpc-microservices/InventoryService/internal/api/inventory/v1/server.go:30.2,30.39 1 0
github.com/jefrryss/go-grpc-microservices/InventoryService/internal/api/inventory/v1/server.go:30.39,32.3 1 0
github.com/jefrryss/go-grpc-microservices/InventoryService/internal/api/inventory/v1/server.go:34.2,34.88 1 0
github.com/jefrryss/go-grpc-microservices/InventoryService/internal/api/inventory/v1/server.go:34.88,36.3 1 0
github.com/jefrryss/go-grpc-microservices/InventoryService/internal/api/inventory/v1/server.go:38.2,38.72 1 0
github.com/jefrryss/go-grpc-microservices/InventoryService/internal/repository/converter/part.go:11.81,12.17 1 0
github.com/jefrryss/go-grpc-microservices/InventoryService/internal/repository/converter/part.go:12.17,14.3 1 0
github.com/jefrryss/go-grpc-microservices/InventoryService/internal/repository/converter/part.go:16.2,17.26 2 0
github.com/jefrryss/go-grpc-microservices/InventoryService/internal/repository/converter/part.go:17.26,19.17 2 0
github.com/jefrryss/go-grpc-microservices/InventoryService/internal/repository/converter/part.go:19.17,21.4 1 0
github.com/jefrryss/go-grpc-microservices/InventoryService/internal/repository/converter/part.go:22.3,22.24 1 0
github.com/jefrryss/go-grpc-microservices/InventoryService/internal/repository/converter/part.go:25.2,45.22 2 0
github.com/jefrryss/go-grpc-microservices/InventoryService/internal/repository/converter/part.go:48.81,49.17 1 0
github.com/jefrryss/go-grpc-microservices/InventoryService/internal/repository/converter/part.go:49.17,51.3 1 0
github.com/jefrryss/go-grpc-microservices/InventoryService/internal/repository/converter/part.go:53.2,54.28 2 0
github.com/jefrryss/go-grpc-microservices/InventoryService/internal/repository/converter/part.go:54.28,55.66 1 0
github.com/jefrryss/go-grpc-microservices/InventoryService/internal/repository/converter/part.go:55.66,57.4 1 0
github.com/jefrryss/go-grpc-microservices/InventoryService/internal/repository/converter/part.go:60.2,83.23 2 0
github.com/jefrryss/go-grpc-microservices/InventoryService/internal/repository/part/getAll.go:11.73,17.29 4 0
github.com/jefrryss/go-grpc-microservices/InventoryService/internal/repository/part/getAll.go:17.29,19.17 2 0
github.com/jefrryss/go-grpc-microservices/InventoryService/internal/repository/part/getAll.go:19.17,21.4 1 0
github.com/jefrryss/go-grpc-microservices/InventoryService/internal/repository/part/getAll.go:22.3,22.29 1 0
github.com/jefrryss/go-grpc-microservices/InventoryService/internal/repository/part/getAll.go:24.2,24.17 1 0
github.com/jefrryss/go-grpc-microservices/InventoryService/internal/repository/part/getById.go:11.86,15.31 3 0
github.com/jefrryss/go-grpc-microservices/InventoryService/internal/repository/part/getById.go:15.31,17.17 2 0
github.com/jefrryss/go-grpc-microservices/InventoryService/internal/repository/part/getById.go:17.17,19.4 1 0
github.com/jefrryss/go-grpc-microservices/InventoryService/internal/repository/part/getById.go:20.3,20.20 1 0
github.com/jefrryss/go-grpc-microservices/InventoryService/internal/repository/part/getById.go:22.2,22.31 1 0
github.com/jefrryss/go-grpc-microservices/InventoryService/internal/repository/part/repository.go:18.34,23.2 2 0
github.com/jefrryss/go-grpc-microservices/InventoryService/internal/service/filter/allowedFeatures.go:8.118,10.20 1 2
github.com/jefrryss/go-grpc-microservices/InventoryService/internal/service/filter/allowedFeatures.go:10.20,12.3 1 0
github.com/jefrryss/go-grpc-microservices/InventoryService/internal/service/filter/allowedFeatures.go:14.2,18.28 4 2
github.com/jefrryss/go-grpc-microservices/InventoryService/internal/service/filter/allowedFeatures.go:18.28,19.37 1 0
github.com/jefrryss/go-grpc-microservices/InventoryService/internal/service/filter/allowedFeatures.go:19.37,21.4 1 0
github.com/jefrryss/go-grpc-microservices/InventoryService/internal/service/filter/allowedFeatures.go:23.2,23.28 1 2
github.com/jefrryss/go-grpc-microservices/InventoryService/internal/service/filter/allowedFeatures.go:23.28,24.37 1 0
github.com/jefrryss/go-grpc-microservices/InventoryService/internal/service/filter/allowedFeatures.go:24.37,26.4 1 0
github.com/jefrryss/go-grpc-microservices/InventoryService/internal/service/filter/allowedFeatures.go:28.2,28.27 1 2
github.com/jefrryss/go-grpc-microservices/InventoryService/internal/service/filter/allowedFeatures.go:28.27,29.36 1 0
github.com/jefrryss/go-grpc-microservices/InventoryService/internal/service/filter/allowedFeatures.go:29.36,31.4 1 0
github.com/jefrryss/go-grpc-microservices/InventoryService/internal/service/filter/allowedFeatures.go:33.2,33.35 1 2
github.com/jefrryss/go-grpc-microservices/InventoryService/internal/service/filter/filter.go:18.65,26.2 2 2
github.com/jefrryss/go-grpc-microservices/InventoryService/internal/service/filter/filter.go:28.61,29.27 1 3
github.com/jefrryss/go-grpc-microservices/InventoryService/internal/service/filter/filter.go:29.27,31.3 1 0
github.com/jefrryss/go-grpc-microservices/InventoryService/internal/service/filter/filter.go:32.2,32.28 1 3
github.com/jefrryss/go-grpc-microservices/InventoryService/internal/service/filter/filter.go:32.28,34.3 1 0
github.com/jefrryss/go-grpc-microservices/InventoryService/internal/service/filter/filter.go:35.2,35.27 1 3
github.com/jefrryss/go-grpc-microservices/InventoryService/internal/service/filter/filter.go:35.27,37.3 1 0
github.com/jefrryss/go-grpc-microservices/InventoryService/internal/service/filter/filter.go:38.2,38.31 1 3
github.com/jefrryss/go-grpc-microservices/InventoryService/internal/service/filter/filter.go:38.31,40.3 1 2
github.com/jefrryss/go-grpc-microservices/InventoryService/internal/service/filter/filter.go:41.2,41.30 1 1
github.com/jefrryss/go-grpc-microservices/InventoryService/internal/service/filter/filter.go:41.30,43.3 1 0
github.com/jefrryss/go-grpc-microservices/InventoryService/internal/service/filter/filter.go:44.2,44.13 1 1
github.com/jefrryss/go-grpc-microservices/InventoryService/internal/service/filter/filterByCategory.go:5.67,6.56 1 3
github.com/jefrryss/go-grpc-microservices/InventoryService/internal/service/filter/filterByCategory.go:6.56,8.3 1 0
github.com/jefrryss/go-grpc-microservices/InventoryService/internal/service/filter/filterByCategory.go:10.2,10.56 1 3
github.com/jefrryss/go-grpc-microservices/InventoryService/internal/service/filter/filterByCategory.go:10.56,12.56 1 3
github.com/jefrryss/go-grpc-microservices/InventoryService/internal/service/filter/filterByCategory.go:12.56,14.4 1 1
github.com/jefrryss/go-grpc-microservices/InventoryService/internal/service/filter/filterByCategory.go:16.2,16.14 1 2
github.com/jefrryss/go-grpc-microservices/InventoryService/internal/service/filter/filterByCountry.go:5.66,6.55 1 1
github.com/jefrryss/go-grpc-microservices/InventoryService/internal/service/filter/filterByCountry.go:6.55,8.3 1 1
github.com/jefrryss/go-grpc-microservices/InventoryService/internal/service/filter/filterByCountry.go:10.2,10.46 1 0
github.com/jefrryss/go-grpc-microservices/InventoryService/internal/service/filter/filterByCountry.go:10.46,11.43 1 0
github.com/jefrryss/go-grpc-microservices/InventoryService/internal/service/filter/filterByCountry.go:11.43,13.4 1 0
github.com/jefrryss/go-grpc-microservices/InventoryService/internal/service/filter/filterByCountry.go:15.2,15.14 1 0
github.com/jefrryss/go-grpc-microservices/InventoryService/internal/service/filter/filterByNames.go:5.64,6.30 1 3
github.com/jefrryss/go-grpc-microservices/InventoryService/internal/service/filter/filterByNames.go:6.30,8.3 1 3
github.com/jefrryss/go-grpc-microservices/InventoryService/internal/service/filter/filterByNames.go:9.2,10.11 2 0
github.com/jefrryss/go-grpc-microservices/InventoryService/internal/service/filter/filterByTags.go:5.63,6.29 1 3
github.com/jefrryss/go-grpc-microservices/InventoryService/internal/service/filter/filterByTags.go:6.29,8.3 1 3
github.com/jefrryss/go-grpc-microservices/InventoryService/internal/service/filter/filterByTags.go:9.2,9.32 1 0
github.com/jefrryss/go-grpc-microservices/InventoryService/internal/service/filter/filterByTags.go:9.32,10.38 1 0
github.com/jefrryss/go-grpc-microservices/InventoryService/internal/service/filter/filterByTags.go:10.38,12.4 1 0
github.com/jefrryss/go-grpc-microservices/InventoryService/internal/service/filter/filterByTags.go:14.2,14.14 1 0
github.com/jefrryss/go-grpc-microservices/InventoryService/internal/service/filter/filterByUuid.go:5.63,6.30 1 3
github.com/jefrryss/go-grpc-microservices/InventoryService/internal/service/filter/filterByUuid.go:6.30,8.3 1 3
github.com/jefrryss/go-grpc-microservices/InventoryService/internal/service/filter/filterByUuid.go:10.2,11.11 2 0
github.com/jefrryss/go-grpc-microservices/InventoryService/internal/service/part/getPart.go:10.92,11.34 1 5
github.com/jefrryss/go-grpc-microservices/InventoryService/internal/service/part/getPart.go:11.34,13.3 1 1
github.com/jefrryss/go-grpc-microservices/InventoryService/internal/service/part/getPart.go:14.2,14.20 1 4
github.com/jefrryss/go-grpc-microservices/InventoryService/internal/service/part/getPart.go:14.20,16.3 1 1
github.com/jefrryss/go-grpc-microservices/InventoryService/internal/service/part/getPart.go:17.2,18.16 2 3
github.com/jefrryss/go-grpc-microservices/InventoryService/internal/service/part/getPart.go:18.16,20.3 1 1
github.com/jefrryss/go-grpc-microservices/InventoryService/internal/service/part/getPart.go:21.2,21.17 1 2
github.com/jefrryss/go-grpc-microservices/InventoryService/internal/service/part/getPart.go:21.17,23.3 1 1
github.com/jefrryss/go-grpc-microservices/InventoryService/internal/service/part/getPart.go:24.2,24.18 1 1
github.com/jefrryss/go-grpc-microservices/InventoryService/internal/service/part/listParts.go:11.105,12.34 1 4
github.com/jefrryss/go-grpc-microservices/InventoryService/internal/service/part/listParts.go:12.34,14.3 1 1
github.com/jefrryss/go-grpc-microservices/InventoryService/internal/service/part/listParts.go:15.2,16.16 2 3
github.com/jefrryss/go-grpc-microservices/InventoryService/internal/service/part/listParts.go:16.16,18.3 1 1
github.com/jefrryss/go-grpc-microservices/InventoryService/internal/service/part/listParts.go:19.2,22.32 3 2
github.com/jefrryss/go-grpc-microservices/InventoryService/internal/service/part/listParts.go:22.32,23.29 1 3
github.com/jefrryss/go-grpc-microservices/InventoryService/internal/service/part/listParts.go:23.29,25.4 1 1
github.com/jefrryss/go-grpc-microservices/InventoryService/internal/service/part/listParts.go:27.2,27.17 1 2
github.com/jefrryss/go-grpc-microservices/InventoryService/internal/service/part/service.go:14.69,18.2 1 9
github.com/jefrryss/go-grpc-microservices/InventoryService/internal/repository/converter/part.go:11.81,12.17 1 0
github.com/jefrryss/go-grpc-microservices/InventoryService/internal/repository/converter/part.go:12.17,14.3 1 0
github.com/jefrryss/go-grpc-microservices/InventoryService/internal/repository/converter/part.go:16.2,17.26 2 0
github.com/jefrryss/go-grpc-microservices/InventoryService/internal/repository/converter/part.go:17.26,19.17 2 0
github.com/jefrryss/go-grpc-microservices/InventoryService/internal/repository/converter/part.go:19.17,21.4 1 0
github.com/jefrryss/go-grpc-microservices/InventoryService/internal/repository/converter/part.go:22.3,22.24 1 0
github.com/jefrryss/go-grpc-microservices/InventoryService/internal/repository/converter/part.go:25.2,45.22 2 0
github.com/jefrryss/go-grpc-microservices/InventoryService/internal/repository/converter/part.go:48.81,49.17 1 0
github.com/jefrryss/go-grpc-microservices/InventoryService/internal/repository/converter/part.go:49.17,51.3 1 0
github.com/jefrryss/go-grpc-microservices/InventoryService/internal/repository/converter/part.go:53.2,54.28 2 0
github.com/jefrryss/go-grpc-microservices/InventoryService/internal/repository/converter/part.go:54.28,55.66 1 0
github.com/jefrryss/go-grpc-microservices/InventoryService/internal/repository/converter/part.go:55.66,57.4 1 0
github.com/jefrryss/go-grpc-microservices/InventoryService/internal/repository/converter/part.go:60.2,83.23 2 0
github.com/jefrryss/go-grpc-microservices/InventoryService/internal/service/filter/allowedFeatures.go:8.118,10.20 1 0
github.com/jefrryss/go-grpc-microservices/InventoryService/internal/service/filter/allowedFeatures.go:10.20,12.3 1 0
github.com/jefrryss/go-grpc-microservices/InventoryService/internal/service/filter/allowedFeatures.go:14.2,18.28 4 0
github.com/jefrryss/go-grpc-microservices/InventoryService/internal/service/filter/allowedFeatures.go:18.28,19.37 1 0
github.com/jefrryss/go-grpc-microservices/InventoryService/internal/service/filter/allowedFeatures.go:19.37,21.4 1 0
github.com/jefrryss/go-grpc-microservices/InventoryService/internal/service/filter/allowedFeatures.go:23.2,23.28 1 0
github.com/jefrryss/go-grpc-microservices/InventoryService/internal/service/filter/allowedFeatures.go:23.28,24.37 1 0
github.com/jefrryss/go-grpc-microservices/InventoryService/internal/service/filter/allowedFeatures.go:24.37,26.4 1 0
github.com/jefrryss/go-grpc-microservices/InventoryService/internal/service/filter/allowedFeatures.go:28.2,28.27 1 0
github.com/jefrryss/go-grpc-microservices/InventoryService/internal/service/filter/allowedFeatures.go:28.27,29.36 1 0
github.com/jefrryss/go-grpc-microservices/InventoryService/internal/service/filter/allowedFeatures.go:29.36,31.4 1 0
github.com/jefrryss/go-grpc-microservices/InventoryService/internal/service/filter/allowedFeatures.go:33.2,33.35 1 0
github.com/jefrryss/go-grpc-microservices/InventoryService/internal/service/filter/filter.go:18.65,26.2 2 0
github.com/jefrryss/go-grpc-microservices/InventoryService/internal/service/filter/filter.go:28.61,29.27 1 0
github.com/jefrryss/go-grpc-microservices/InventoryService/internal/service/filter/filter.go:29.27,31.3 1 0
github.com/jefrryss/go-grpc-microservices/InventoryService/internal/service/filter/filter.go:32.2,32.28 1 0
github.com/jefrryss/go-grpc-microservices/InventoryService/internal/service/filter/filter.go:32.28,34.3 1 0
github.com/jefrryss/go-grpc-microservices/InventoryService/internal/service/filter/filter.go:35.2,35.27 1 0
github.com/jefrryss/go-grpc-microservices/InventoryService/internal/service/filter/filter.go:35.27,37.3 1 0
github.com/jefrryss/go-grpc-microservices/InventoryService/internal/service/filter/filter.go:38.2,38.31 1 0
github.com/jefrryss/go-grpc-microservices/InventoryService/internal/service/filter/filter.go:38.31,40.3 1 0
github.com/jefrryss/go-grpc-microservices/InventoryService/internal/service/filter/filter.go:41.2,41.30 1 0
github.com/jefrryss/go-grpc-microservices/InventoryService/internal/service/filter/filter.go:41.30,43.3 1 0
github.com/jefrryss/go-grpc-microservices/InventoryService/internal/service/filter/filter.go:44.2,44.13 1 0
github.com/jefrryss/go-grpc-microservices/InventoryService/internal/service/filter/filterByCategory.go:5.67,6.56 1 0
github.com/jefrryss/go-grpc-microservices/InventoryService/internal/service/filter/filterByCategory.go:6.56,8.3 1 0
github.com/jefrryss/go-grpc-microservices/InventoryService/internal/service/filter/filterByCategory.go:10.2,10.56 1 0
github.com/jefrryss/go-grpc-microservices/InventoryService/internal/service/filter/filterByCategory.go:10.56,12.56 1 0
github.com/jefrryss/go-grpc-microservices/InventoryService/internal/service/filter/filterByCategory.go:12.56,14.4 1 0
github.com/jefrryss/go-grpc-microservices/InventoryService/internal/service/filter/filterByCategory.go:16.2,16.14 1 0
github.com/jefrryss/go-grpc-microservices/InventoryService/internal/service/filter/filterByCountry.go:5.66,6.55 1 0
github.com/jefrryss/go-grpc-microservices/InventoryService/internal/service/filter/filterByCountry.go:6.55,8.3 1 0
github.com/jefrryss/go-grpc-microservices/InventoryService/internal/service/filter/filterByCountry.go:10.2,10.46 1 0
github.com/jefrryss/go-grpc-microservices/InventoryService/internal/service/filter/filterByCountry.go:10.46,11.43 1 0
github.com/jefrryss/go-grpc-microservices/InventoryService/internal/service/filter/filterByCountry.go:11.43,13.4 1 0
github.com/jefrryss/go-grpc-microservices/InventoryService/internal/service/filter/filterByCountry.go:15.2,15.14 1 0
github.com/jefrryss/go-grpc-microservices/InventoryService/internal/service/filter/filterByNames.go:5.64,6.30 1 0
github.com/jefrryss/go-grpc-microservices/InventoryService/internal/service/filter/filterByNames.go:6.30,8.3 1 0
github.com/jefrryss/go-grpc-microservices/InventoryService/internal/service/filter/filterByNames.go:9.2,10.11 2 0
github.com/jefrryss/go-grpc-microservices/InventoryService/internal/service/filter/filterByTags.go:5.63,6.29 1 0
github.com/jefrryss/go-grpc-microservices/InventoryService/internal/service/filter/filterByTags.go:6.29,8.3 1 0
github.com/jefrryss/go-grpc-microservices/InventoryService/internal/service/filter/filterByTags.go:9.2,9.32 1 0
github.com/jefrryss/go-grpc-microservices/InventoryService/internal/service/filter/filterByTags.go:9.32,10.38 1 0
github.com/jefrryss/go-grpc-microservices/InventoryService/internal/service/filter/filterByTags.go:10.38,12.4 1 0
github.com/jefrryss/go-grpc-microservices/InventoryService/internal/service/filter/filterByTags.go:14.2,14.14 1 0
github.com/jefrryss/go-grpc-microservices/InventoryService/internal/service/filter/filterByUuid.go:5.63,6.30 1 0
github.com/jefrryss/go-grpc-microservices/InventoryService/internal/service/filter/filterByUuid.go:6.30,8.3 1 0
github.com/jefrryss/go-grpc-microservices/InventoryService/internal/service/filter/filterByUuid.go:10.2,11.11 2 0
github.com/jefrryss/go-grpc-microservices/OrderService/internal/api/order/v1/cancelOrder.go:14.129,15.34 1 0
github.com/jefrryss/go-grpc-microservices/OrderService/internal/api/order/v1/cancelOrder.go:15.34,17.3 1 0
github.com/jefrryss/go-grpc-microservices/OrderService/internal/api/order/v1/cancelOrder.go:19.2,19.30 1 0
github.com/jefrryss/go-grpc-microservices/OrderService/internal/api/order/v1/cancelOrder.go:19.30,21.3 1 0
github.com/jefrryss/go-grpc-microservices/OrderService/internal/api/order/v1/cancelOrder.go:23.2,24.16 2 0
github.com/jefrryss/go-grpc-microservices/OrderService/internal/api/order/v1/cancelOrder.go:24.16,26.3 1 0
github.com/jefrryss/go-grpc-microservices/OrderService/internal/api/order/v1/cancelOrder.go:27.2,28.16 2 0
github.com/jefrryss/go-grpc-microservices/OrderService/internal/api/order/v1/cancelOrder.go:28.16,29.45 1 0
github.com/jefrryss/go-grpc-microservices/OrderService/internal/api/order/v1/cancelOrder.go:29.45,31.4 1 0
github.com/jefrryss/go-grpc-microservices/OrderService/internal/api/order/v1/cancelOrder.go:32.3,32.54 1 0
github.com/jefrryss/go-grpc-microservices/OrderService/internal/api/order/v1/cancelOrder.go:32.54,34.4 1 0
github.com/jefrryss/go-grpc-microservices/OrderService/internal/api/order/v1/cancelOrder.go:35.3,35.79 1 0
github.com/jefrryss/go-grpc-microservices/OrderService/internal/api/order/v1/cancelOrder.go:38.2,38.45 1 0
github.com/jefrryss/go-grpc-microservices/OrderService/internal/api/order/v1/createOrder.go:12.133,13.34 1 0
github.com/jefrryss/go-grpc-microservices/OrderService/internal/api/order/v1/createOrder.go:13.34,15.3 1 0
github.com/jefrryss/go-grpc-microservices/OrderService/internal/api/order/v1/createOrder.go:17.2,17.33 1 0
github.com/jefrryss/go-grpc-microservices/OrderService/internal/api/order/v1/createOrder.go:17.33,19.3 1 0
github.com/jefrryss/go-grpc-microservices/OrderService/internal/api/order/v1/createOrder.go:21.2,21.38 1 0
github.com/jefrryss/go-grpc-microservices/OrderService/internal/api/order/v1/createOrder.go:21.38,23.3 1 0
github.com/jefrryss/go-grpc-microservices/OrderService/internal/api/order/v1/createOrder.go:24.2,25.16 2 0
github.com/jefrryss/go-grpc-microservices/OrderService/internal/api/order/v1/createOrder.go:25.16,27.3 1 0
github.com/jefrryss/go-grpc-microservices/OrderService/internal/api/order/v1/createOrder.go:28.2,29.49 2 0
github.com/jefrryss/go-grpc-microservices/OrderService/internal/api/order/v1/createOrder.go:29.49,31.17 2 0
github.com/jefrryss/go-grpc-microservices/OrderService/internal/api/order/v1/createOrder.go:31.17,33.4 1 0
github.com/jefrryss/go-grpc-microservices/OrderService/internal/api/order/v1/createOrder.go:34.3,34.38 1 0
github.com/jefrryss/go-grpc-microservices/OrderService/internal/api/order/v1/createOrder.go:36.2,37.16 2 0
github.com/jefrryss/go-grpc-microservices/OrderService/internal/api/order/v1/createOrder.go:37.16,39.3 1 0
github.com/jefrryss/go-grpc-microservices/OrderService/internal/api/order/v1/createOrder.go:41.2,41.93 1 0
github.com/jefrryss/go-grpc-microservices/OrderService/internal/api/order/v1/getOrder.go:13.138,14.34 1 0
github.com/jefrryss/go-grpc-microservices/OrderService/internal/api/order/v1/getOrder.go:14.34,16.3 1 0
github.com/jefrryss/go-grpc-microservices/OrderService/internal/api/order/v1/getOrder.go:18.2,18.30 1 0
github.com/jefrryss/go-grpc-microservices/OrderService/internal/api/order/v1/getOrder.go:18.30,20.3 1 0
github.com/jefrryss/go-grpc-microservices/OrderService/internal/api/order/v1/getOrder.go:21.2,22.16 2 0
github.com/jefrryss/go-grpc-microservices/OrderService/internal/api/order/v1/getOrder.go:22.16,24.3 1 0
github.com/jefrryss/go-grpc-microservices/OrderService/internal/api/order/v1/getOrder.go:25.2,26.16 2 0
github.com/jefrryss/go-grpc-microservices/OrderService/internal/api/order/v1/getOrder.go:26.16,28.3 1 0
github.com/jefrryss/go-grpc-microservices/OrderService/internal/api/order/v1/getOrder.go:30.2,32.8 1 0
github.com/jefrryss/go-grpc-microservices/OrderService/internal/api/order/v1/payOrder.go:13.120,14.34 1 0
github.com/jefrryss/go-grpc-microservices/OrderService/internal/api/order/v1/payOrder.go:14.34,16.3 1 0
github.com/jefrryss/go-grpc-microservices/OrderService/internal/api/order/v1/payOrder.go:18.2,18.30 1 0
github.com/jefrryss/go-grpc-microservices/OrderService/internal/api/order/v1/payOrder.go:18.30,20.3 1 0
github.com/jefrryss/go-grpc-microservices/OrderService/internal/api/order/v1/payOrder.go:22.2,22.72 1 0
github.com/jefrryss/go-grpc-microservices/OrderService/internal/api/order/v1/payOrder.go:22.72,24.3 1 0
github.com/jefrryss/go-grpc-microservices/OrderService/internal/api/order/v1/payOrder.go:25.2,26.16 2 0
github.com/jefrryss/go-grpc-microservices/OrderService/internal/api/order/v1/payOrder.go:26.16,28.3 1 0
github.com/jefrryss/go-grpc-microservices/OrderService/internal/api/order/v1/payOrder.go:29.2,31.16 3 0
github.com/jefrryss/go-grpc-microservices/OrderService/internal/api/order/v1/payOrder.go:31.16,33.3 1 0
github.com/jefrryss/go-grpc-microservices/OrderService/internal/api/order/v1/payOrder.go:34.2,34.75 1 0
github.com/jefrryss/go-grpc-microservices/OrderService/internal/api/order/v1/server.go:13.55,17.2 1 0
github.com/jefrryss/go-grpc-microservices/OrderService/internal/repository/converter/order.go:9.55,10.18 1 0
github.com/jefrryss/go-grpc-microservices/OrderService/internal/repository/converter/order.go:10.18,12.3 1 0
github.com/jefrryss/go-grpc-microservices/OrderService/internal/repository/converter/order.go:14.2,15.26 2 0
github.com/jefrryss/go-grpc-microservices/OrderService/internal/repository/converter/order.go:15.26,18.3 2 0
github.com/jefrryss/go-grpc-microservices/OrderService/internal/repository/converter/order.go:20.2,30.3 1 0
github.com/jefrryss/go-grpc-microservices/OrderService/internal/repository/converter/order.go:33.61,34.22 1 0
github.com/jefrryss/go-grpc-microservices/OrderService/internal/repository/converter/order.go:34.22,36.3 1 0
github.com/jefrryss/go-grpc-microservices/OrderService/internal/repository/converter/order.go:38.2,39.30 2 0
github.com/jefrryss/go-grpc-microservices/OrderService/internal/repository/converter/order.go:39.30,42.3 2 0
github.com/jefrryss/go-grpc-microservices/OrderService/internal/repository/converter/order.go:44.2,54.3 1 0
github.com/jefrryss/go-grpc-microservices/OrderService/internal/repository/order/getOrder.go:11.96,15.44 3 0
github.com/jefrryss/go-grpc-microservices/OrderService/internal/repository/order/getOrder.go:15.44,17.25 2 0
github.com/jefrryss/go-grpc-microservices/OrderService/internal/repository/order/getOrder.go:17.25,19.4 1 0
github.com/jefrryss/go-grpc-microservices/OrderService/internal/repository/order/getOrder.go:22.2,22.47 1 0
github.com/jefrryss/go-grpc-microservices/OrderService/internal/repository/order/repository.go:18.36,22.2 1 0
github.com/jefrryss/go-grpc-microservices/OrderService/internal/repository/order/setOrder.go:10.79,16.22 4 0
github.com/jefrryss/go-grpc-microservices/OrderService/internal/repository/order/setOrder.go:16.22,18.3 1 0
github.com/jefrryss/go-grpc-microservices/OrderService/internal/repository/order/setOrder.go:19.2,19.12 1 0
github.com/jefrryss/go-grpc-microservices/OrderService/internal/service/order/cancelOrder.go:11.84,12.34 1 5
github.com/jefrryss/go-grpc-microservices/OrderService/internal/service/order/cancelOrder.go:12.34,14.3 1 1
github.com/jefrryss/go-grpc-microservices/OrderService/internal/service/order/cancelOrder.go:16.2,17.16 2 4
github.com/jefrryss/go-grpc-microservices/OrderService/internal/service/order/cancelOrder.go:17.16,19.3 1 1
github.com/jefrryss/go-grpc-microservices/OrderService/internal/service/order/cancelOrder.go:20.2,20.53 1 3
github.com/jefrryss/go-grpc-microservices/OrderService/internal/service/order/cancelOrder.go:20.53,24.17 4 2
github.com/jefrryss/go-grpc-microservices/OrderService/internal/service/order/cancelOrder.go:24.17,26.4 1 1
github.com/jefrryss/go-grpc-microservices/OrderService/internal/service/order/cancelOrder.go:27.3,27.13 1 1
github.com/jefrryss/go-grpc-microservices/OrderService/internal/service/order/cancelOrder.go:29.2,29.40 1 1
github.com/jefrryss/go-grpc-microservices/OrderService/internal/service/order/createOrder.go:12.129,13.34 1 5
github.com/jefrryss/go-grpc-microservices/OrderService/internal/service/order/createOrder.go:13.34,15.3 1 1
github.com/jefrryss/go-grpc-microservices/OrderService/internal/service/order/createOrder.go:17.2,18.16 2 4
github.com/jefrryss/go-grpc-microservices/OrderService/internal/service/order/createOrder.go:18.16,20.3 1 1
github.com/jefrryss/go-grpc-microservices/OrderService/internal/service/order/createOrder.go:22.2,23.32 2 3
github.com/jefrryss/go-grpc-microservices/OrderService/internal/service/order/createOrder.go:23.32,25.3 1 4
github.com/jefrryss/go-grpc-microservices/OrderService/internal/service/order/createOrder.go:27.2,28.29 2 3
github.com/jefrryss/go-grpc-microservices/OrderService/internal/service/order/createOrder.go:28.29,30.3 1 3
github.com/jefrryss/go-grpc-microservices/OrderService/internal/service/order/createOrder.go:32.2,33.49 2 3
github.com/jefrryss/go-grpc-microservices/OrderService/internal/service/order/createOrder.go:33.49,35.14 2 4
github.com/jefrryss/go-grpc-microservices/OrderService/internal/service/order/createOrder.go:35.14,37.4 1 1
github.com/jefrryss/go-grpc-microservices/OrderService/internal/service/order/createOrder.go:38.3,38.44 1 3
github.com/jefrryss/go-grpc-microservices/OrderService/internal/service/order/createOrder.go:41.2,42.32 2 2
github.com/jefrryss/go-grpc-microservices/OrderService/internal/service/order/createOrder.go:42.32,44.3 1 3
github.com/jefrryss/go-grpc-microservices/OrderService/internal/service/order/createOrder.go:46.2,60.16 4 2
github.com/jefrryss/go-grpc-microservices/OrderService/internal/service/order/createOrder.go:60.16,62.3 1 1
github.com/jefrryss/go-grpc-microservices/OrderService/internal/service/order/createOrder.go:64.2,64.35 1 1
github.com/jefrryss/go-grpc-microservices/OrderService/internal/service/order/getOrder.go:10.97,11.34 1 3
github.com/jefrryss/go-grpc-microservices/OrderService/internal/service/order/getOrder.go:11.34,13.3 1 1
github.com/jefrryss/go-grpc-microservices/OrderService/internal/service/order/getOrder.go:15.2,16.16 2 2
github.com/jefrryss/go-grpc-microservices/OrderService/internal/service/order/getOrder.go:16.16,18.3 1 1
github.com/jefrryss/go-grpc-microservices/OrderService/internal/service/order/getOrder.go:20.2,20.19 1 1
github.com/jefrryss/go-grpc-microservices/OrderService/internal/service/order/payOrder.go:11.129,12.34 1 6
github.com/jefrryss/go-grpc-microservices/OrderService/internal/service/order/payOrder.go:12.34,14.3 1 1
github.com/jefrryss/go-grpc-microservices/OrderService/internal/service/order/payOrder.go:16.2,17.16 2 5
github.com/jefrryss/go-grpc-microservices/OrderService/internal/service/order/payOrder.go:17.16,19.3 1 1
github.com/jefrryss/go-grpc-microservices/OrderService/internal/service/order/payOrder.go:20.2,20.53 1 4
github.com/jefrryss/go-grpc-microservices/OrderService/internal/service/order/payOrder.go:20.53,22.3 1 1
github.com/jefrryss/go-grpc-microservices/OrderService/internal/service/order/payOrder.go:23.2,24.16 2 3
github.com/jefrryss/go-grpc-microservices/OrderService/internal/service/order/payOrder.go:24.16,26.3 1 1
github.com/jefrryss/go-grpc-microservices/OrderService/internal/service/order/payOrder.go:28.2,34.16 6 2
github.com/jefrryss/go-grpc-microservices/OrderService/internal/service/order/payOrder.go:34.16,36.3 1 1
github.com/jefrryss/go-grpc-microservices/OrderService/internal/service/order/payOrder.go:38.2,38.21 1 1
github.com/jefrryss/go-grpc-microservices/OrderService/internal/service/order/service.go:18.146,24.2 1 19
github.com/jefrryss/go-grpc-microservices/OrderService/internal/repository/order/getOrder.go:11.96,15.44 3 0
github.com/jefrryss/go-grpc-microservices/OrderService/internal/repository/order/getOrder.go:15.44,17.25 2 0
github.com/jefrryss/go-grpc-microservices/OrderService/internal/repository/order/getOrder.go:17.25,19.4 1 0
github.com/jefrryss/go-grpc-microservices/OrderService/internal/repository/order/getOrder.go:22.2,22.47 1 0
github.com/jefrryss/go-grpc-microservices/OrderService/internal/repository/order/repository.go:18.36,22.2 1 0
github.com/jefrryss/go-grpc-microservices/OrderService/internal/repository/order/setOrder.go:10.79,16.22 4 0
github.com/jefrryss/go-grpc-microservices/OrderService/internal/repository/order/setOrder.go:16.22,18.3 1 0
github.com/jefrryss/go-grpc-microservices/OrderService/internal/repository/order/setOrder.go:19.2,19.12 1 0
github.com/jefrryss/go-grpc-microservices/OrderService/internal/repository/converter/order.go:9.55,10.18 1 0
github.com/jefrryss/go-grpc-microservices/OrderService/internal/repository/converter/order.go:10.18,12.3 1 0
github.com/jefrryss/go-grpc-microservices/OrderService/internal/repository/converter/order.go:14.2,15.26 2 0
github.com/jefrryss/go-grpc-microservices/OrderService/internal/repository/converter/order.go:15.26,18.3 2 0
github.com/jefrryss/go-grpc-microservices/OrderService/internal/repository/converter/order.go:20.2,30.3 1 0
github.com/jefrryss/go-grpc-microservices/OrderService/internal/repository/converter/order.go:33.61,34.22 1 0
github.com/jefrryss/go-grpc-microservices/OrderService/internal/repository/converter/order.go:34.22,36.3 1 0
github.com/jefrryss/go-grpc-microservices/OrderService/internal/repository/converter/order.go:38.2,39.30 2 0
github.com/jefrryss/go-grpc-microservices/OrderService/internal/repository/converter/order.go:39.30,42.3 2 0
github.com/jefrryss/go-grpc-microservices/OrderService/internal/repository/converter/order.go:44.2,54.3 1 0
github.com/jefrryss/go-grpc-microservices/OrderService/internal/api/order/v1/cancelOrder.go:14.129,15.34 1 0
github.com/jefrryss/go-grpc-microservices/OrderService/internal/api/order/v1/cancelOrder.go:15.34,17.3 1 0
github.com/jefrryss/go-grpc-microservices/OrderService/internal/api/order/v1/cancelOrder.go:19.2,19.30 1 0
github.com/jefrryss/go-grpc-microservices/OrderService/internal/api/order/v1/cancelOrder.go:19.30,21.3 1 0
github.com/jefrryss/go-grpc-microservices/OrderService/internal/api/order/v1/cancelOrder.go:23.2,24.16 2 0
github.com/jefrryss/go-grpc-microservices/OrderService/internal/api/order/v1/cancelOrder.go:24.16,26.3 1 0
github.com/jefrryss/go-grpc-microservices/OrderService/internal/api/order/v1/cancelOrder.go:27.2,28.16 2 0
github.com/jefrryss/go-grpc-microservices/OrderService/internal/api/order/v1/cancelOrder.go:28.16,29.45 1 0
github.com/jefrryss/go-grpc-microservices/OrderService/internal/api/order/v1/cancelOrder.go:29.45,31.4 1 0
github.com/jefrryss/go-grpc-microservices/OrderService/internal/api/order/v1/cancelOrder.go:32.3,32.54 1 0
github.com/jefrryss/go-grpc-microservices/OrderService/internal/api/order/v1/cancelOrder.go:32.54,34.4 1 0
github.com/jefrryss/go-grpc-microservices/OrderService/internal/api/order/v1/cancelOrder.go:35.3,35.79 1 0
github.com/jefrryss/go-grpc-microservices/OrderService/internal/api/order/v1/cancelOrder.go:38.2,38.45 1 0
github.com/jefrryss/go-grpc-microservices/OrderService/internal/api/order/v1/createOrder.go:12.133,13.34 1 0
github.com/jefrryss/go-grpc-microservices/OrderService/internal/api/order/v1/createOrder.go:13.34,15.3 1 0
github.com/jefrryss/go-grpc-microservices/OrderService/internal/api/order/v1/createOrder.go:17.2,17.33 1 0
github.com/jefrryss/go-grpc-microservices/OrderService/internal/api/order/v1/createOrder.go:17.33,19.3 1 0
github.com/jefrryss/go-grpc-microservices/OrderService/internal/api/order/v1/createOrder.go:21.2,21.38 1 0
github.com/jefrryss/go-grpc-microservices/OrderService/internal/api/order/v1/createOrder.go:21.38,23.3 1 0
github.com/jefrryss/go-grpc-microservices/OrderService/internal/api/order/v1/createOrder.go:24.2,25.16 2 0
github.com/jefrryss/go-grpc-microservices/OrderService/internal/api/order/v1/createOrder.go:25.16,27.3 1 0
github.com/jefrryss/go-grpc-microservices/OrderService/internal/api/order/v1/createOrder.go:28.2,29.49 2 0
github.com/jefrryss/go-grpc-microservices/OrderService/internal/api/order/v1/createOrder.go:29.49,31.17 2 0
github.com/jefrryss/go-grpc-microservices/OrderService/internal/api/order/v1/createOrder.go:31.17,33.4 1 0
github.com/jefrryss/go-grpc-microservices/OrderService/internal/api/order/v1/createOrder.go:34.3,34.38 1 0
github.com/jefrryss/go-grpc-microservices/OrderService/internal/api/order/v1/createOrder.go:36.2,37.16 2 0
github.com/jefrryss/go-grpc-microservices/OrderService/internal/api/order/v1/createOrder.go:37.16,39.3 1 0
github.com/jefrryss/go-grpc-microservices/OrderService/internal/api/order/v1/createOrder.go:41.2,41.93 1 0
github.com/jefrryss/go-grpc-microservices/OrderService/internal/api/order/v1/getOrder.go:13.138,14.34 1 0
github.com/jefrryss/go-grpc-microservices/OrderService/internal/api/order/v1/getOrder.go:14.34,16.3 1 0
github.com/jefrryss/go-grpc-microservices/OrderService/internal/api/order/v1/getOrder.go:18.2,18.30 1 0
github.com/jefrryss/go-grpc-microservices/OrderService/internal/api/order/v1/getOrder.go:18.30,20.3 1 0
github.com/jefrryss/go-grpc-microservices/OrderService/internal/api/order/v1/getOrder.go:21.2,22.16 2 0
github.com/jefrryss/go-grpc-microservices/OrderService/internal/api/order/v1/getOrder.go:22.16,24.3 1 0
github.com/jefrryss/go-grpc-microservices/OrderService/internal/api/order/v1/getOrder.go:25.2,26.16 2 0
github.com/jefrryss/go-grpc-microservices/OrderService/internal/api/order/v1/getOrder.go:26.16,28.3 1 0
github.com/jefrryss/go-grpc-microservices/OrderService/internal/api/order/v1/getOrder.go:30.2,32.8 1 0
github.com/jefrryss/go-grpc-microservices/OrderService/internal/api/order/v1/payOrder.go:13.120,14.34 1 0
github.com/jefrryss/go-grpc-microservices/OrderService/internal/api/order/v1/payOrder.go:14.34,16.3 1 0
github.com/jefrryss/go-grpc-microservices/OrderService/internal/api/order/v1/payOrder.go:18.2,18.30 1 0
github.com/jefrryss/go-grpc-microservices/OrderService/internal/api/order/v1/payOrder.go:18.30,20.3 1 0
github.com/jefrryss/go-grpc-microservices/OrderService/internal/api/order/v1/payOrder.go:22.2,22.72 1 0
github.com/jefrryss/go-grpc-microservices/OrderService/internal/api/order/v1/payOrder.go:22.72,24.3 1 0
github.com/jefrryss/go-grpc-microservices/OrderService/internal/api/order/v1/payOrder.go:25.2,26.16 2 0
github.com/jefrryss/go-grpc-microservices/OrderService/internal/api/order/v1/payOrder.go:26.16,28.3 1 0
github.com/jefrryss/go-grpc-microservices/OrderService/internal/api/order/v1/payOrder.go:29.2,31.16 3 0
github.com/jefrryss/go-grpc-microservices/OrderService/internal/api/order/v1/payOrder.go:31.16,33.3 1 0
github.com/jefrryss/go-grpc-microservices/OrderService/internal/api/order/v1/payOrder.go:34.2,34.75 1 0
github.com/jefrryss/go-grpc-microservices/OrderService/internal/api/order/v1/server.go:13.55,17.2 1 0
github.com/jefrryss/go-grpc-microservices/PaymentService/internal/api/payment/v1/payOrder.go:15.126,17.16 2 0
github.com/jefrryss/go-grpc-microservices/PaymentService/internal/api/payment/v1/payOrder.go:17.16,19.3 1 0
github.com/jefrryss/go-grpc-microservices/PaymentService/internal/api/payment/v1/payOrder.go:20.2,20.27 1 0
github.com/jefrryss/go-grpc-microservices/PaymentService/internal/api/payment/v1/payOrder.go:20.27,22.3 1 0
github.com/jefrryss/go-grpc-microservices/PaymentService/internal/api/payment/v1/payOrder.go:24.2,25.16 2 0
github.com/jefrryss/go-grpc-microservices/PaymentService/internal/api/payment/v1/payOrder.go:25.16,27.3 1 0
github.com/jefrryss/go-grpc-microservices/PaymentService/internal/api/payment/v1/payOrder.go:28.2,28.26 1 0
github.com/jefrryss/go-grpc-microservices/PaymentService/internal/api/payment/v1/payOrder.go:28.26,30.3 1 0
github.com/jefrryss/go-grpc-microservices/PaymentService/internal/api/payment/v1/payOrder.go:32.2,33.16 2 0
github.com/jefrryss/go-grpc-microservices/PaymentService/internal/api/payment/v1/payOrder.go:33.16,34.52 1 0
github.com/jefrryss/go-grpc-microservices/PaymentService/internal/api/payment/v1/payOrder.go:34.52,36.4 1 0
github.com/jefrryss/go-grpc-microservices/PaymentService/internal/api/payment/v1/payOrder.go:37.3,37.82 1 0
github.com/jefrryss/go-grpc-microservices/PaymentService/internal/api/payment/v1/payOrder.go:40.2,41.16 2 0
github.com/jefrryss/go-grpc-microservices/PaymentService/internal/api/payment/v1/payOrder.go:41.16,43.3 1 0
github.com/jefrryss/go-grpc-microservices/PaymentService/internal/api/payment/v1/payOrder.go:45.2,47.8 1 0
github.com/jefrryss/go-grpc-microservices/PaymentService/internal/api/payment/v1/server.go:13.63,17.2 1 0
github.com/jefrryss/go-grpc-microservices/PaymentService/internal/service/payment/createTranc.go:11.150,12.34 1 4
github.com/jefrryss/go-grpc-microservices/PaymentService/internal/service/payment/createTranc.go:12.34,14.3 1 0
github.com/jefrryss/go-grpc-microservices/PaymentService/internal/service/payment/createTranc.go:15.2,15.27 1 4
github.com/jefrryss/go-grpc-microservices/PaymentService/internal/service/payment/createTranc.go:15.27,17.3 1 1
github.com/jefrryss/go-grpc-microservices/PaymentService/internal/service/payment/createTranc.go:18.2,18.26 1 3
github.com/jefrryss/go-grpc-microservices/PaymentService/internal/service/payment/createTranc.go:18.26,20.3 1 1
github.com/jefrryss/go-grpc-microservices/PaymentService/internal/service/payment/createTranc.go:21.2,24.23 3 2
github.com/jefrryss/go-grpc-microservices/PaymentService/internal/service/payment/payment.go:9.42,11.2 1 4
github.com/jefrryss/go-grpc-microservices/PaymentService/internal/api/payment/v1/payOrder.go:15.126,17.16 2 8
github.com/jefrryss/go-grpc-microservices/PaymentService/internal/api/payment/v1/payOrder.go:17.16,19.3 1 1
github.com/jefrryss/go-grpc-microservices/PaymentService/internal/api/payment/v1/payOrder.go:20.2,20.27 1 7
github.com/jefrryss/go-grpc-microservices/PaymentService/internal/api/payment/v1/payOrder.go:20.27,22.3 1 1
github.com/jefrryss/go-grpc-microservices/PaymentService/internal/api/payment/v1/payOrder.go:24.2,25.16 2 6
github.com/jefrryss/go-grpc-microservices/PaymentService/internal/api/payment/v1/payOrder.go:25.16,27.3 1 1
github.com/jefrryss/go-grpc-microservices/PaymentService/internal/api/payment/v1/payOrder.go:28.2,28.26 1 5
github.com/jefrryss/go-grpc-microservices/PaymentService/internal/api/payment/v1/payOrder.go:28.26,30.3 1 1
github.com/jefrryss/go-grpc-microservices/PaymentService/internal/api/payment/v1/payOrder.go:32.2,33.16 2 4
github.com/jefrryss/go-grpc-microservices/PaymentService/internal/api/payment/v1/payOrder.go:33.16,34.52 1 2
github.com/jefrryss/go-grpc-microservices/PaymentService/internal/api/payment/v1/payOrder.go:34.52,36.4 1 2
github.com/jefrryss/go-grpc-microservices/PaymentService/internal/api/payment/v1/payOrder.go:37.3,37.82 1 0
github.com/jefrryss/go-grpc-microservices/PaymentService/internal/api/payment/v1/payOrder.go:40.2,41.16 2 2
github.com/jefrryss/go-grpc-microservices/PaymentService/internal/api/payment/v1/payOrder.go:41.16,43.3 1 1
github.com/jefrryss/go-grpc-microservices/PaymentService/internal/api/payment/v1/payOrder.go:45.2,47.8 1 1
github.com/jefrryss/go-grpc-microservices/PaymentService/internal/api/payment/v1/server.go:13.63,17.2 1 8
github.com/jefrryss/go-grpc-microservices/PaymentService/internal/service/payment/createTranc.go:11.150,12.34 1 0
github.com/jefrryss/go-grpc-microservices/PaymentService/internal/service/payment/createTranc.go:12.34,14.3 1 0
github.com/jefrryss/go-grpc-microservices/PaymentService/internal/service/payment/createTranc.go:15.2,15.27 1 0
github.com/jefrryss/go-grpc-microservices/PaymentService/internal/service/payment/createTranc.go:15.27,17.3 1 0
github.com/jefrryss/go-grpc-microservices/PaymentService/internal/service/payment/createTranc.go:18.2,18.26 1 0
github.com/jefrryss/go-grpc-microservices/PaymentService/internal/service/payment/createTranc.go:18.26,20.3 1 0
github.com/jefrryss/go-grpc-microservices/PaymentService/internal/service/payment/createTranc.go:21.2,24.23 3 0
github.com/jefrryss/go-grpc-microservices/PaymentService/internal/service/payment/payment.go:9.42,11.2 1 0
